Component: ARM Compiler 5.06 update 6 (build 750) Tool: armlink [4d35ed]

==============================================================================

Section Cross References

    main.o(i.led1_task) refers to stm32f4xx_gpio.o(i.GPIO_ToggleBits) for GPIO_ToggleBits
    main.o(i.led1_task) refers to os_time.o(i.OSTimeDlyHMSM) for OSTimeDlyHMSM
    main.o(i.led2_task) refers to stm32f4xx_gpio.o(i.GPIO_ToggleBits) for GPIO_ToggleBits
    main.o(i.led2_task) refers to os_time.o(i.OSTimeDlyHMSM) for OSTimeDlyHMSM
    main.o(i.main) refers to os_core.o(i.OSInit) for OSInit
    main.o(i.main) refers to os_task.o(i.OSTaskCreate) for OSTaskCreate
    main.o(i.main) refers to os_core.o(i.OSStart) for OSStart
    main.o(i.main) refers to main.o(.bss) for START_TASK_STK
    main.o(i.main) refers to main.o(i.start_task) for start_task
    main.o(i.start_task) refers to led.o(i.LED_Init) for LED_Init
    main.o(i.start_task) refers to cpu_core.o(i.CPU_Init) for CPU_Init
    main.o(i.start_task) refers to bsp.o(i.BSP_CPU_ClkFreq) for BSP_CPU_ClkFreq
    main.o(i.start_task) refers to os_cpu_c.o(i.OS_CPU_SysTickInit) for OS_CPU_SysTickInit
    main.o(i.start_task) refers to lib_mem.o(i.Mem_Init) for Mem_Init
    main.o(i.start_task) refers to os_stat.o(i.OSStatTaskCPUUsageInit) for OSStatTaskCPUUsageInit
    main.o(i.start_task) refers to cpu_a.o(.text) for CPU_SR_Save
    main.o(i.start_task) refers to os_task.o(i.OSTaskCreate) for OSTaskCreate
    main.o(i.start_task) refers to os_task.o(i.OS_TaskSuspend) for OS_TaskSuspend
    main.o(i.start_task) refers to os_cfg_app.o(.constdata) for OSCfg_TickRate_Hz
    main.o(i.start_task) refers to main.o(.bss) for LED1_TASK_STK
    main.o(i.start_task) refers to main.o(i.led1_task) for led1_task
    main.o(i.start_task) refers to main.o(i.led2_task) for led2_task
    startup_stm32f40_41xxx.o(STACK) refers (Special) to heapauxi.o(.text) for __use_two_region_memory
    startup_stm32f40_41xxx.o(HEAP) refers (Special) to heapauxi.o(.text) for __use_two_region_memory
    startup_stm32f40_41xxx.o(RESET) refers (Special) to heapauxi.o(.text) for __use_two_region_memory
    startup_stm32f40_41xxx.o(RESET) refers to startup_stm32f40_41xxx.o(STACK) for __initial_sp
    startup_stm32f40_41xxx.o(RESET) refers to startup_stm32f40_41xxx.o(.text) for Reset_Handler
    startup_stm32f40_41xxx.o(RESET) refers to stm32f4xx_it.o(i.NMI_Handler) for NMI_Handler
    startup_stm32f40_41xxx.o(RESET) refers to stm32f4xx_it.o(i.HardFault_Handler) for HardFault_Handler
    startup_stm32f40_41xxx.o(RESET) refers to stm32f4xx_it.o(i.MemManage_Handler) for MemManage_Handler
    startup_stm32f40_41xxx.o(RESET) refers to stm32f4xx_it.o(i.BusFault_Handler) for BusFault_Handler
    startup_stm32f40_41xxx.o(RESET) refers to stm32f4xx_it.o(i.UsageFault_Handler) for UsageFault_Handler
    startup_stm32f40_41xxx.o(RESET) refers to stm32f4xx_it.o(i.SVC_Handler) for SVC_Handler
    startup_stm32f40_41xxx.o(RESET) refers to stm32f4xx_it.o(i.DebugMon_Handler) for DebugMon_Handler
    startup_stm32f40_41xxx.o(RESET) refers to os_cpu_a.o(CODE) for OS_CPU_PendSVHandler
    startup_stm32f40_41xxx.o(RESET) refers to os_cpu_c.o(i.OS_CPU_SysTickHandler) for OS_CPU_SysTickHandler
    startup_stm32f40_41xxx.o(.text) refers (Special) to heapauxi.o(.text) for __use_two_region_memory
    startup_stm32f40_41xxx.o(.text) refers to system_stm32f4xx.o(i.SystemInit) for SystemInit
    startup_stm32f40_41xxx.o(.text) refers to __main.o(!!!main) for __main
    startup_stm32f40_41xxx.o(.text) refers to startup_stm32f40_41xxx.o(HEAP) for Heap_Mem
    startup_stm32f40_41xxx.o(.text) refers to startup_stm32f40_41xxx.o(STACK) for Stack_Mem
    stm32f4xx_gpio.o(i.GPIO_DeInit) refers to stm32f4xx_rcc.o(i.RCC_AHB1PeriphResetCmd) for RCC_AHB1PeriphResetCmd
    stm32f4xx_rcc.o(i.RCC_GetClocksFreq) refers to stm32f4xx_rcc.o(.data) for APBAHBPrescTable
    stm32f4xx_rcc.o(i.RCC_WaitForHSEStartUp) refers to stm32f4xx_rcc.o(i.RCC_GetFlagStatus) for RCC_GetFlagStatus
    stm32f4xx_syscfg.o(i.SYSCFG_DeInit) refers to stm32f4xx_rcc.o(i.RCC_APB2PeriphResetCmd) for RCC_APB2PeriphResetCmd
    system_stm32f4xx.o(i.SystemCoreClockUpdate) refers to system_stm32f4xx.o(.data) for SystemCoreClock
    system_stm32f4xx.o(i.SystemInit) refers to system_stm32f4xx.o(i.SetSysClock) for SetSysClock
    led.o(i.LED_Init) refers to stm32f4xx_rcc.o(i.RCC_AHB1PeriphClockCmd) for RCC_AHB1PeriphClockCmd
    led.o(i.LED_Init) refers to stm32f4xx_gpio.o(i.GPIO_Init) for GPIO_Init
    led.o(i.LED_Init) refers to stm32f4xx_gpio.o(i.GPIO_SetBits) for GPIO_SetBits
    bsp.o(i.BSP_CPU_ClkFreq) refers to stm32f4xx_rcc.o(i.RCC_GetClocksFreq) for RCC_GetClocksFreq
    bsp.o(i.CPU_TS32_to_uSec) refers to bsp.o(i.BSP_CPU_ClkFreq) for BSP_CPU_ClkFreq
    bsp.o(i.CPU_TS32_to_uSec) refers to lludivv7m.o(.text) for __aeabi_uldivmod
    bsp.o(i.CPU_TS_TmrInit) refers to bsp.o(i.BSP_CPU_ClkFreq) for BSP_CPU_ClkFreq
[...]
    .text                                    0x08000314   Section        2  use_no_semi.o(.text)
    .text                                    0x08000316   Section        0  indicate_semi.o(.text)
    CODE                                     0x08000318   Section      196  os_cpu_a.o(CODE)
    $v0                                      0x08000318   Number         0  os_cpu_a.o(CODE)
    i.BSP_CPU_ClkFreq                        0x080003dc   Section        0  bsp.o(i.BSP_CPU_ClkFreq)
    i.BusFault_Handler                       0x080003ea   Section        0  stm32f4xx_it.o(i.BusFault_Handler)
    i.CPU_Init                               0x080003ee   Section        0  cpu_core.o(i.CPU_Init)
    i.CPU_NameClr                            0x080003fc   Section        0  cpu_core.o(i.CPU_NameClr)
    i.CPU_NameInit                           0x0800042c   Section        0  cpu_core.o(i.CPU_NameInit)
    CPU_NameInit                             0x0800042d   Thumb Code     8  cpu_core.o(i.CPU_NameInit)
    i.CPU_TS_Init                            0x08000434   Section        0  cpu_core.o(i.CPU_TS_Init)
    CPU_TS_Init                              0x08000435   Thumb Code    14  cpu_core.o(i.CPU_TS_Init)
    i.CPU_TS_TmrFreqSet                      0x08000448   Section        0  cpu_core.o(i.CPU_TS_TmrFreqSet)
    i.CPU_TS_TmrInit                         0x08000454   Section        0  bsp.o(i.CPU_TS_TmrInit)
    i.CPU_TS_TmrRd                           0x08000488   Section        0  bsp.o(i.CPU_TS_TmrRd)
    i.DebugMon_Handler                       0x08000494   Section        0  stm32f4xx_it.o(i.DebugMon_Handler)
    i.GPIO_Init                              0x08000496   Section        0  stm32f4xx_gpio.o(i.GPIO_Init)
    i.GPIO_SetBits                           0x08000526   Section        0  stm32f4xx_gpio.o(i.GPIO_SetBits)
    i.GPIO_ToggleBits                        0x0800052a   Section        0  stm32f4xx_gpio.o(i.GPIO_ToggleBits)
    i.HardFault_Handler                      0x08000532   Section        0  stm32f4xx_it.o(i.HardFault_Handler)
    i.LED_Init                               0x08000538   Section        0  led.o(i.LED_Init)
    i.MemManage_Handler                      0x08000578   Section        0  stm32f4xx_it.o(i.MemManage_Handler)
    i.Mem_Clr                                0x0800057c   Section        0  lib_mem.o(i.Mem_Clr)
    i.Mem_Init                               0x08000590   Section        0  lib_mem.o(i.Mem_Init)
    i.Mem_Set                                0x080005d8   Section        0  lib_mem.o(i.Mem_Set)
    i.NMI_Handler                            0x0800062c   Section        0  stm32f4xx_it.o(i.NMI_Handler)
    i.OSCfg_Init                             0x0800062e   Section        0  os_cfg_app.o(i.OSCfg_Init)
    i.OSIdleTaskHook                         0x08000630   Section        0  os_cpu_c.o(i.OSIdleTaskHook)
    i.OSInit                                 0x08000644   Section        0  os_core.o(i.OSInit)
    i.OSInitHook                             0x080007a8   Section        0  os_cpu_c.o(i.OSInitHook)
    i.OSIntExit                              0x080007d0   Section        0  os_core.o(i.OSIntExit)
    i.OSMutexCreate                          0x080008ac   Section        0  os_mutex.o(i.OSMutexCreate)
    i.OSMutexPend                            0x08000934   Section        0  os_mutex.o(i.OSMutexPend)
    i.OSMutexPost                            0x08000b84   Section        0  os_mutex.o(i.OSMutexPost)
    i.OSSched                                0x08000cf8   Section        0  os_core.o(i.OSSched)
    i.OSSchedLock                            0x08000d98   Section        0  os_core.o(i.OSSchedLock)
    i.OSSchedUnlock                          0x08000e0c   Section        0  os_core.o(i.OSSchedUnlock)
    i.OSStart                                0x08000ea0   Section        0  os_core.o(i.OSStart)
    i.OSStatReset                            0x08000f08   Section        0  os_stat.o(i.OSStatReset)
    i.OSStatTaskCPUUsageInit                 0x08001030   Section        0  os_stat.o(i.OSStatTaskCPUUsageInit)
    i.OSStatTaskHook                         0x08001120   Section        0  os_cpu_c.o(i.OSStatTaskHook)
    i.OSTaskCreate                           0x08001134   Section        0  os_task.o(i.OSTaskCreate)
    i.OSTaskCreateHook                       0x080012d0   Section        0  os_cpu_c.o(i.OSTaskCreateHook)
    i.OSTaskDel                              0x080012e8   Section        0  os_task.o(i.OSTaskDel)
    i.OSTaskDelHook                          0x08001410   Section        0  os_cpu_c.o(i.OSTaskDelHook)
    i.OSTaskResume                           0x08001428   Section        0  os_task.o(i.OSTaskResume)
    i.OSTaskReturnHook                       0x08001490   Section        0  os_cpu_c.o(i.OSTaskReturnHook)
    i.OSTaskSemPend                          0x080014a8   Section        0  os_task.o(i.OSTaskSemPend)
    i.OSTaskSemPost                          0x08001684   Section        0  os_task.o(i.OSTaskSemPost)
    i.OSTaskStkChk                           0x080016c4   Section        0  os_task.o(i.OSTaskStkChk)
    i.OSTaskStkInit                          0x08001798   Section        0  os_cpu_c.o(i.OSTaskStkInit)
    i.OSTaskSuspend                          0x08001a5c   Section        0  os_task.o(i.OSTaskSuspend)
    i.OSTaskSwHook                           0x08001a94   Section        0  os_cpu_c.o(i.OSTaskSwHook)
    i.OSTimeDly                              0x08001b4c   Section        0  os_time.o(i.OSTimeDly)
    i.OSTimeDlyHMSM                          0x08001c04   Section        0  os_time.o(i.OSTimeDlyHMSM)
    i.OSTimeTick                             0x08001d94   Section        0  os_time.o(i.OSTimeTick)
    i.OSTimeTickHook                         0x08001dd8   Section        0  os_cpu_c.o(i.OSTimeTickHook)
    i.OS_CPU_SysTickHandler                  0x08001dec   Section        0  os_cpu_c.o(i.OS_CPU_SysTickHandler)
    i.OS_CPU_SysTickInit                     0x08001e24   Section        0  os_cpu_c.o(i.OS_CPU_SysTickInit)
    i.OS_Dbg_Init                            0x08001e54   Section        0  os_dbg.o(i.OS_Dbg_Init)
    i.OS_FlagInit                            0x08001ffc   Section        0  os_flag.o(i.OS_FlagInit)
    i.OS_IdleTask                            0x08002014   Section        0  os_core.o(i.OS_IdleTask)
    i.OS_IdleTaskInit                        0x08002058   Section        0  os_core.o(i.OS_IdleTaskInit)
    i.OS_MemInit                             0x080020c8   Section        0  os_mem.o(i.OS_MemInit)
    i.OS_MsgPoolInit                         0x080020e0   Section        0  os_msg.o(i.OS_MsgPoolInit)
    i.OS_MsgQFreeAll                         0x0800215c   Section        0  os_msg.o(i.OS_MsgQFreeAll)
    i.OS_MsgQInit                            0x080021a0   Section        0  os_msg.o(i.OS_MsgQInit)
    i.OS_MutexDbgListAdd                     0x080021b0   Section        0  os_mutex.o(i.OS_MutexDbgListAdd)
    i.OS_MutexInit                           0x080021e0   Section        0  os_mutex.o(i.OS_MutexInit)
    i.OS_Pend                                0x080021f8   Section        0  os_core.o(i.OS_Pend)
    i.OS_PendDataInit                        0x08002260   Section        0  os_core.o(i.OS_PendDataInit)
    i.OS_PendDbgNameAdd                      0x08002288   Section        0  os_core.o(i.OS_PendDbgNameAdd)
    i.OS_PendDbgNameRemove                   0x080022e4   Section        0  os_core.o(i.OS_PendDbgNameRemove)
    i.OS_PendListChangePrio                  0x08002308   Section        0  os_core.o(i.OS_PendListChangePrio)
    i.OS_PendListInit                        0x0800234e   Section        0  os_core.o(i.OS_PendListInit)
    i.OS_PendListInsertPrio                  0x08002358   Section        0  os_core.o(i.OS_PendListInsertPrio)
    i.OS_PendListRemove                      0x080023be   Section        0  os_core.o(i.OS_PendListRemove)
    i.OS_PendListRemove1                     0x080023ee   Section        0  os_core.o(i.OS_PendListRemove1)
    i.OS_Post                                0x08002430   Section        0  os_core.o(i.OS_Post)
    i.OS_Post1                               0x08002506   Section        0  os_core.o(i.OS_Post1)
    i.OS_PrioGetHighest                      0x08002530   Section        0  os_prio.o(i.OS_PrioGetHighest)
    i.OS_PrioInit                            0x08002558   Section        0  os_prio.o(i.OS_PrioInit)
    i.OS_PrioInsert                          0x08002570   Section        0  os_prio.o(i.OS_PrioInsert)
    i.OS_PrioRemove                          0x08002594   Section        0  os_prio.o(i.OS_PrioRemove)
    i.OS_QInit                               0x080025b8   Section        0  os_q.o(i.OS_QInit)
    i.OS_RdyListInit                         0x080025d0   Section        0  os_core.o(i.OS_RdyListInit)
    i.OS_RdyListInsert                       0x080025f4   Section        0  os_core.o(i.OS_RdyListInsert)
    i.OS_RdyListInsertHead                   0x08002620   Section        0  os_core.o(i.OS_RdyListInsertHead)
    i.OS_RdyListInsertTail                   0x08002660   Section        0  os_core.o(i.OS_RdyListInsertTail)
    i.OS_RdyListRemove                       0x0800269c   Section        0  os_core.o(i.OS_RdyListRemove)
    i.OS_SchedLockTimeMeasStart              0x080026f8   Section        0  os_core.o(i.OS_SchedLockTimeMeasStart)
    i.OS_SchedLockTimeMeasStop               0x08002714   Section        0  os_core.o(i.OS_SchedLockTimeMeasStop)
    i.OS_SemInit                             0x08002750   Section        0  os_sem.o(i.OS_SemInit)
    i.OS_StatTask                            0x08002768   Section        0  os_stat.o(i.OS_StatTask)
    i.OS_StatTaskInit                        0x08002a50   Section        0  os_stat.o(i.OS_StatTaskInit)
    i.OS_TaskBlock                           0x08002b1c   Section        0  os_core.o(i.OS_TaskBlock)
    i.OS_TaskDbgListAdd                      0x08002b48   Section        0  os_task.o(i.OS_TaskDbgListAdd)
    i.OS_TaskDbgListRemove                   0x08002b78   Section        0  os_task.o(i.OS_TaskDbgListRemove)
    i.OS_TaskInit                            0x08002bbc   Section        0  os_task.o(i.OS_TaskInit)
    i.OS_TaskInitTCB                         0x08002bdc   Section        0  os_task.o(i.OS_TaskInitTCB)
    i.OS_TaskResume                          0x08002c90   Section        0  os_task.o(i.OS_TaskResume)
    i.OS_TaskReturn                          0x08002d90   Section        0  os_task.o(i.OS_TaskReturn)
    i.OS_TaskSemPost                         0x08002da8   Section        0  os_task.o(i.OS_TaskSemPost)
    i.OS_TaskSuspend                         0x08002f6c   Section        0  os_task.o(i.OS_TaskSuspend)
    i.OS_TickListInsert                      0x08003084   Section        0  os_tick.o(i.OS_TickListInsert)
    i.OS_TickListInsertDly                   0x0800310c   Section        0  os_tick.o(i.OS_TickListInsertDly)
    i.OS_TickListRemove                      0x080031c8   Section        0  os_tick.o(i.OS_TickListRemove)
    i.OS_TickListResetPeak                   0x08003220   Section        0  os_tick.o(i.OS_TickListResetPeak)
    i.OS_TickListUpdateDly                   0x08003224   Section        0  os_tick.o(i.OS_TickListUpdateDly)
    OS_TickListUpdateDly                     0x08003225   Thumb Code   146  os_tick.o(i.OS_TickListUpdateDly)
    i.OS_TickListUpdateTimeout               0x080032bc   Section        0  os_tick.o(i.OS_TickListUpdateTimeout)
    OS_TickListUpdateTimeout                 0x080032bd   Thumb Code   208  os_tick.o(i.OS_TickListUpdateTimeout)
    i.OS_TickTask                            0x08003390   Section        0  os_tick.o(i.OS_TickTask)
    i.OS_TickTaskInit                        0x08003400   Section        0  os_tick.o(i.OS_TickTaskInit)
    i.OS_TmrInit                             0x080034c8   Section        0  os_tmr.o(i.OS_TmrInit)
    i.OS_TmrLock                             0x080035fc   Section        0  os_tmr.o(i.OS_TmrLock)
    OS_TmrLock                               0x080035fd   Thumb Code    20  os_tmr.o(i.OS_TmrLock)
    i.OS_TmrResetPeak                        0x08003614   Section        0  os_tmr.o(i.OS_TmrResetPeak)
    i.OS_TmrTask                             0x08003618   Section        0  os_tmr.o(i.OS_TmrTask)
    i.OS_TmrUnlink                           0x080036ac   Section        0  os_tmr.o(i.OS_TmrUnlink)
    i.OS_TmrUnlock                           0x080036f0   Section        0  os_tmr.o(i.OS_TmrUnlock)
    OS_TmrUnlock                             0x080036f1   Thumb Code    14  os_tmr.o(i.OS_TmrUnlock)
    i.RCC_AHB1PeriphClockCmd                 0x08003704   Section        0  stm32f4xx_rcc.o(i.RCC_AHB1PeriphClockCmd)
    i.RCC_GetClocksFreq                      0x08003724   Section        0  stm32f4xx_rcc.o(i.RCC_GetClocksFreq)
    i.SVC_Handler                            0x0800380c   Section        0  stm32f4xx_it.o(i.SVC_Handler)
    i.SetSysClock                            0x08003810   Section        0  system_stm32f4xx.o(i.SetSysClock)
    SetSysClock                              0x08003811   Thumb Code   220  system_stm32f4xx.o(i.SetSysClock)
    i.SystemInit                             0x080038fc   Section        0  system_stm32f4xx.o(i.SystemInit)
    i.UsageFault_Handler                     0x08003964   Section        0  stm32f4xx_it.o(i.UsageFault_Handler)
    i.led1_task                              0x08003968   Section        0  main.o(i.led1_task)
    i.led2_task                              0x08003990   Section        0  main.o(i.led2_task)
    i.main                                   0x080039bc   Section        0  main.o(i.main)
    i.start_task                             0x08003a18   Section        0  main.o(i.start_task)
    start_task                               0x08003a19   Thumb Code   178  main.o(i.start_task)
    x$fpl$fpinit                             0x08003b04   Section       10  fpinit.o(x$fpl$fpinit)
    $v0                                      0x08003b04   Number         0  fpinit.o(x$fpl$fpinit)
    .constdata                               0x08003b10   Section      148  os_cfg_app.o(.constdata)
    .constdata                               0x08003ba4   Section      360  os_dbg.o(.constdata)
    .data                                    0x20000000   Section       16  stm32f4xx_rcc.o(.data)
    APBAHBPrescTable                         0x20000000   Data          16  stm32f4xx_rcc.o(.data)
    .data                                    0x20000010   Section        4  cpu_core.o(.data)
    .data                                    0x20000014   Section        4  lib_mem.o(.data)
    .data                                    0x20000018   Section        4  os_cpu_c.o(.data)
    .data                                    0x2000001c   Section        8  os_prio.o(.data)
    .data                                    0x20000024   Section      196  os_var.o(.data)
    .bss                                     0x200000e8   Section     3624  main.o(.bss)
    .bss                                     0x20000f10   Section       16  cpu_core.o(.bss)
    .bss                                     0x20000f20   Section     1096  lib_mem.o(.bss)
    .bss                                     0x20001368   Section     4160  os_cfg_app.o(.bss)
    .bss                                     0x200023a8   Section     1560  os_var.o(.bss)
    .bss                                     0x200029c0   Section       96  libspace.o(.bss)
    HEAP                                     0x20002a20   Section      512  startup_stm32f40_41xxx.o(HEAP)
    Heap_Mem                                 0x20002a20   Data         512  startup_stm32f40_41xxx.o(HEAP)
    STACK                                    0x20002c20   Section     1024  startup_stm32f40_41xxx.o(STACK)
    Stack_Mem                                0x20002c20   Data        1024  startup_stm32f40_41xxx.o(STACK)
    __initial_sp                             0x20003020   Data           0  startup_stm32f40_41xxx.o(STACK)

    Global Symbols

    Symbol Name                              Value     Ov Type        Size  Object(Section)

    BuildAttributes$$THM_ISAv4$E$P$D$K$B$S$7EM$VFPi3$EXTD16$VFPS$VFMA$PE$A:L22UL41UL21$X:L11$S22US41US21$IEEE1$IW$USESV6$~STKCKD$USESV7$~SHL$OSPACE$ROPI$EBA8$UX$STANDARDLIB$REQ8$PRES8$EABIv2 0x00000000   Number         0  anon$$obj.o ABSOLUTE
    __ARM_use_no_argv                        0x00000000   Number         0  main.o ABSOLUTE
    __ARM_exceptions_init                     - Undefined Weak Reference
    __alloca_initialize                       - Undefined Weak Reference
    __arm_preinit_                            - Undefined Weak Reference
    __cpp_initialize__aeabi_                  - Undefined Weak Reference
    __cxa_finalize                            - Undefined Weak Reference
    __rt_locale                               - Undefined Weak Reference
    __sigvec_lookup                           - Undefined Weak Reference
    _atexit_init                              - Undefined Weak Reference
    _call_atexit_fns                          - Undefined Weak Reference
    _clock_init                               - Undefined Weak Reference
    _fp_trap_init                             - Undefined Weak Reference
    _fp_trap_shutdown                         - Undefined Weak Reference
    _get_lc_collate                           - Undefined Weak Reference
    _get_lc_ctype                             - Undefined Weak Reference
    _get_lc_monetary                          - Undefined Weak Reference
    _get_lc_numeric                           - Undefined Weak Reference
    _get_lc_time                              - Undefined Weak Reference
    _getenv_init                              - Undefined Weak Reference
    _handle_redirection                       - Undefined Weak Reference
    _init_alloc                               - Undefined Weak Reference
    _init_user_alloc                          - Undefined Weak Reference
    _initio                                   - Undefined Weak Reference
    _rand_init                                - Undefined Weak Reference
    _signal_finish                            - Undefined Weak Reference
    _signal_init                              - Undefined Weak Reference
    _terminate_alloc                          - Undefined Weak Reference
    _terminate_user_alloc                     - Undefined Weak Reference
    _terminateio                              - Undefined Weak Reference
    __Vectors_Size                           0x00000188   Number         0  startup_stm32f40_41xxx.o ABSOLUTE
    __Vectors                                0x08000000   Data           4  startup_stm32f40_41xxx.o(RESET)
    __Vectors_End                            0x08000188   Data           0  startup_stm32f40_41xxx.o(RESET)
    __main                                   0x08000189   Thumb Code     8  __main.o(!!!main)
    __scatterload                            0x08000191   Thumb Code     0  __scatter.o(!!!scatter)
    __scatterload_rt2                        0x08000191   Thumb Code    44  __scatter.o(!!!scatter)
    __scatterload_rt2_thumb_only             0x08000191   Thumb Code     0  __scatter.o(!!!scatter)
    __scatterload_null                       0x0800019f   Thumb Code     0  __scatter.o(!!!scatter)
    __scatterload_copy                       0x080001c5   Thumb Code    26  __scatter_copy.o(!!handler_copy)
    __scatterload_zeroinit                   0x080001e1   Thumb Code    28  __scatter_zi.o(!!handler_zi)
    __rt_lib_init                            0x080001fd   Thumb Code     0  libinit.o(.ARM.Collect$$libinit$$00000000)
    __rt_lib_init_fp_1                       0x080001ff   Thumb Code     0  libinit2.o(.ARM.Collect$$libinit$$00000001)
    __rt_lib_init_alloca_1                   0x08000203   Thumb Code     0  libinit2.o(.ARM.Collect$$libinit$$0000002E)
    __rt_lib_init_argv_1                     0x08000203   Thumb Code     0  libinit2.o(.ARM.Collect$$libinit$$0000002C)
    __rt_lib_init_atexit_1                   0x08000203   Thumb Code     0  libinit2.o(.ARM.Collect$$libinit$$0000001B)
    __rt_lib_init_clock_1                    0x08000203   Thumb Code     0  libinit2.o(.ARM.Collect$$libinit$$00000021)
    __rt_lib_init_cpp_1                      0x08000203   Thumb Code     0  libinit2.o(.ARM.Collect$$libinit$$00000032)
    __rt_lib_init_exceptions_1               0x08000203   Thumb Code     0  libinit2.o(.ARM.Collect$$libinit$$00000030)
    __rt_lib_init_fp_trap_1                  0x08000203   Thumb Code     0  libinit2.o(.ARM.Collect$$libinit$$0000001F)
    __rt_lib_init_getenv_1                   0x08000203   Thumb Code     0  libinit2.o(.ARM.Collect$$libinit$$00000023)
    __rt_lib_init_heap_1                     0x08000203   Thumb Code     0  libinit2.o(.ARM.Collect$$libinit$$0000000A)
    __rt_lib_init_lc_collate_1               0x08000203   Thumb Code     0  libinit2.o(.ARM.Collect$$libinit$$00000011)
    __rt_lib_init_lc_ctype_1                 0x08000203   Thumb Code     0  libinit2.o(.ARM.Collect$$libinit$$00000013)
    __rt_lib_init_lc_monetary_1              0x08000203   Thumb Code     0  libinit2.o(.ARM.Collect$$libinit$$00000015)
    __rt_lib_init_lc_numeric_1               0x08000203   Thumb Code     0  libinit2.o(.ARM.Collect$$libinit$$00000017)
    __rt_lib_init_lc_time_1                  0x08000203   Thumb Code     0  libinit2.o(.ARM.Collect$$libinit$$00000019)
    __rt_lib_init_preinit_1                  0x08000203   Thumb Code     0  libinit2.o(.ARM.Collect$$libinit$$00000004)
    __rt_lib_init_rand_1                     0x08000203   Thumb Code     0  libinit2.o(.ARM.Collect$$libinit$$0000000E)
    __rt_lib_init_return                     0x08000203   Thumb Code     0  libinit2.o(.ARM.Collect$$libinit$$00000033)
    __rt_lib_init_signal_1                   0x08000203   Thumb Code     0  libinit2.o(.ARM.Collect$$libinit$$0000001D)
    __rt_lib_init_stdio_1                    0x08000203   Thumb Code     0  libinit2.o(.ARM.Collect$$libinit$$00000025)
    __rt_lib_init_user_alloc_1               0x08000203   Thumb Code     0  libinit2.o(.ARM.Collect$$libinit$$0000000C)
    __rt_lib_shutdown                        0x08000205   Thumb Code     0  libshutdown.o(.ARM.Collect$$libshutdown$$00000000)
    __rt_lib_shutdown_cpp_1                  0x08000207   Thumb Code     0  libshutdown2.o(.ARM.Collect$$libshutdown$$00000002)
    __rt_lib_shutdown_fp_trap_1              0x08000207   Thumb Code     0  libshutdown2.o(.ARM.Collect$$libshutdown$$00000007)
    __rt_lib_shutdown_heap_1                 0x08000207   Thumb Code     0  libshutdown2.o(.ARM.Collect$$libshutdown$$0000000F)
    __rt_lib_shutdown_return                 0x08000207   Thumb Code     0  libshutdown2.o(.ARM.Collect$$libshutdown$$00000010)
    __rt_lib_shutdown_signal_1               0x08000207   Thumb Code     0  libshutdown2.o(.ARM.Collect$$libshutdown$$0000000A)
    __rt_lib_shutdown_stdio_1                0x08000207   Thumb Code     0  libshutdown2.o(.ARM.Collect$$libshutdown$$00000004)
    __rt_lib_shutdown_user_alloc_1           0x08000207   Thumb Code     0  libshutdown2.o(.ARM.Collect$$libshutdown$$0000000C)
    __rt_entry                               0x08000209   Thumb Code     0  __rtentry.o(.ARM.Collect$$rtentry$$00000000)
    __rt_entry_presh_1                       0x08000209   Thumb Code     0  __rtentry2.o(.ARM.Collect$$rtentry$$00000002)
    __rt_entry_sh                            0x08000209   Thumb Code     0  __rtentry4.o(.ARM.Collect$$rtentry$$00000004)
    __rt_entry_li                            0x0800020f   Thumb Code     0  __rtentry2.o(.ARM.Collect$$rtentry$$0000000A)
    __rt_entry_postsh_1                      0x0800020f   Thumb Code     0  __rtentry2.o(.ARM.Collect$$rtentry$$00000009)
    __rt_entry_main                          0x08000213   Thumb Code     0  __rtentry2.o(.ARM.Collect$$rtentry$$0000000D)
    __rt_entry_postli_1                      0x08000213   Thumb Code     0  __rtentry2.o(.ARM.Collect$$rtentry$$0000000C)
    __rt_exit                                0x0800021b   Thumb Code     0  rtexit.o(.ARM.Collect$$rtexit$$00000000)
    __rt_exit_ls                             0x0800021d   Thumb Code     0  rtexit2.o(.ARM.Collect$$rtexit$$00000003)
    __rt_exit_prels_1                        0x0800021d   Thumb Code     0  rtexit2.o(.ARM.Collect$$rtexit$$00000002)
    __rt_exit_exit                           0x08000221   Thumb Code     0  rtexit2.o(.ARM.Collect$$rtexit$$00000004)
    Reset_Handler                            0x08000229   Thumb Code     8  startup_stm32f40_41xxx.o(.text)
    ADC_IRQHandler                           0x08000243   Thumb Code     0  startup_stm32f40_41xxx.o(.text)
    CAN1_RX0_IRQHandler                      0x08000243   Thumb Code     0  startup_stm32f40_41xxx.o(.text)
    CAN1_RX1_IRQHandler                      0x08000243   Thumb Code     0  startup_stm32f40_41xxx.o(.text)
    CAN1_SCE_IRQHandler                      0x08000243   Thumb Code     0  startup_stm32f40_41xxx.o(.text)
    CAN1_TX_IRQHandler                       0x08000243   Thumb Code     0  startup_stm32f40_41xxx.o(.text)
    CAN2_RX0_IRQHandler                      0x08000243   Thumb Code     0  startup_stm32f40_41xxx.o(.text)
    CAN2_RX1_IRQHandler                      0x08000243   Thumb Code     0  startup_stm32f40_41xxx.o(.text)
    CAN2_SCE_IRQHandler                      0x08000243   Thumb Code     0  startup_stm32f40_41xxx.o(.text)
    CAN2_TX_IRQHandler                       0x08000243   Thumb Code     0  startup_stm32f40_41xxx.o(.text)
    CRYP_IRQHandler                          0x08000243   Thumb Code     0  startup_stm32f40_41xxx.o(.text)
    DCMI_IRQHandler                          0x08000243   Thumb Code     0  startup_stm32f40_41xxx.o(.text)
    DMA1_Stream0_IRQHandler                  0x08000243   Thumb Code     0  startup_stm32f40_41xxx.o(.text)
    DMA1_Stream1_IRQHandler                  0x08000243   Thumb Code     0  startup_stm32f40_41xxx.o(.text)
    DMA1_Stream2_IRQHandler                  0x08000243   Thumb Code     0  startup_stm32f40_41xxx.o(.text)
    DMA1_Stream3_IRQHandler                  0x08000243   Thumb Code     0  startup_stm32f40_41xxx.o(.text)
    DMA1_Stream4_IRQHandler                  0x08000243   Thumb Code     0  startup_stm32f40_41xxx.o(.text)
    DMA1_Stream5_IRQHandler                  0x08000243   Thumb Code     0  startup_stm32f40_41xxx.o(.text)
    DMA1_Stream6_IRQHandler                  0x08000243   Thumb Code     0  startup_stm32f40_41xxx.o(.text)
    DMA1_Stream7_IRQHandler                  0x08000243   Thumb Code     0  startup_stm32f40_41xxx.o(.text)
    DMA2_Stream0_IRQHandler                  0x08000243   Thumb Code     0  startup_stm32f40_41xxx.o(.text)
    DMA2_Stream1_IRQHandler                  0x08000243   Thumb Code     0  startup_stm32f40_41xxx.o(.text)
    DMA2_Stream2_IRQHandler                  0x08000243   Thumb Code     0  startup_stm32f40_41xxx.o(.text)
    DMA2_Stream3_IRQHandler                  0x08000243   Thumb Code     0  startup_stm32f40_41xxx.o(.text)
    DMA2_Stream4_IRQHandler                  0x08000243   Thumb Code     0  startup_stm32f40_41xxx.o(.text)
    DMA2_Stream5_IRQHandler                  0x08000243   Thumb Code     0  startup_stm32f40_41xxx.o(.text)
    DMA2_Stream6_IRQHandler                  0x08000243   Thumb Code     0  startup_stm32f40_41xxx.o(.text)
    DMA2_Stream7_IRQHandler                  0x08000243   Thumb Code     0  startup_stm32f40_41xxx.o(.text)
    ETH_IRQHandler                           0x08000243   Thumb Code     0  startup_stm32f40_41xxx.o(.text)
    ETH_WKUP_IRQHandler                      0x08000243   Thumb Code     0  startup_stm32f40_41xxx.o(.text)
    EXTI0_IRQHandler                         0x08000243   Thumb Code     0  startup_stm32f40_41xxx.o(.text)
    EXTI15_10_IRQHandler                     0x08000243   Thumb Code     0  startup_stm32f40_41xxx.o(.text)
    EXTI1_IRQHandler                         0x08000243   Thumb Code     0  startup_stm32f40_41xxx.o(.text)
    EXTI2_IRQHandler                         0x08000243   Thumb Code     0  startup_stm32f40_41xxx.o(.text)
    EXTI3_IRQHandler                         0x08000243   Thumb Code     0  startup_stm32f40_41xxx.o(.text)
    EXTI4_IRQHandler                         0x08000243   Thumb Code     0  startup_stm32f40_41xxx.o(.text)
    EXTI9_5_IRQHandler                       0x08000243   Thumb Code     0  startup_stm32f40_41xxx.o(.text)
    FLASH_IRQHandler                         0x08000243   Thumb Code     0  startup_stm32f40_41xxx.o(.text)
    FPU_IRQHandler                           0x08000243   Thumb Code     0  startup_stm32f40_41xxx.o(.text)
    FSMC_IRQHandler                          0x08000243   Thumb Code     0  startup_stm32f40_41xxx.o(.text)
    HASH_RNG_IRQHandler                      0x08000243   Thumb Code     0  startup_stm32f40_41xxx.o(.text)
    I2C1_ER_IRQHandler                       0x08000243   Thumb Code     0  startup_stm32f40_41xxx.o(.text)
    I2C1_EV_IRQHandler                       0x08000243   Thumb Code     0  startup_stm32f40_41xxx.o(.text)
    I2C2_ER_IRQHandler                       0x08000243   Thumb Code     0  startup_stm32f40_41xxx.o(.text)
    I2C2_EV_IRQHandler                       0x08000243   Thumb Code     0  startup_stm32f40_41xxx.o(.text)
    I2C3_ER_IRQHandler                       0x08000243   Thumb Code     0  startup_stm32f40_41xxx.o(.text)
    I2C3_EV_IRQHandler                       0x08000243   Thumb Code     0  startup_stm32f40_41xxx.o(.text)
    OTG_FS_IRQHandler                        0x08000243   Thumb Code     0  startup_stm32f40_41xxx.o(.text)
    OTG_FS_WKUP_IRQHandler                   0x08000243   Thumb Code     0  startup_stm32f40_41xxx.o(.text)
    OTG_HS_EP1_IN_IRQHandler                 0x08000243   Thumb Code     0  startup_stm32f40_41xxx.o(.text)
    OTG_HS_EP1_OUT_IRQHandler                0x08000243   Thumb Code     0  startup_stm32f40_41xxx.o(.text)
    OTG_HS_IRQHandler                        0x08000243   Thumb Code     0  startup_stm32f40_41xxx.o(.text)
    OTG_HS_WKUP_IRQHandler                   0x08000243   Thumb Code     0  startup_stm32f40_41xxx.o(.text)
    PVD_IRQHandler                           0x08000243   Thumb Code     0  startup_stm32f40_41xxx.o(.text)
    RCC_IRQHandler                           0x08000243   Thumb Code     0  startup_stm32f40_41xxx.o(.text)
    RTC_Alarm_IRQHandler                     0x08000243   Thumb Code     0  startup_stm32f40_41xxx.o(.text)
    RTC_WKUP_IRQHandler                      0x08000243   Thumb Code     0  startup_stm32f40_41xxx.o(.text)
    SDIO_IRQHandler                          0x08000243   Thumb Code     0  startup_stm32f40_41xxx.o(.text)
    SPI1_IRQHandler                          0x08000243   Thumb Code     0  startup_stm32f40_41xxx.o(.text)
    SPI2_IRQHandler                          0x08000243   Thumb Code     0  startup_stm32f40_41xxx.o(.text)
    SPI3_IRQHandler                          0x08000243   Thumb Code     0  startup_stm32f40_41xxx.o(.text)
    TAMP_STAMP_IRQHandler                    0x08000243   Thumb Code     0  startup_stm32f40_41xxx.o(.text)
    TIM1_BRK_TIM9_IRQHandler                 0x08000243   Thumb Code     0  startup_stm32f40_41xxx.o(.text)
    TIM1_CC_IRQHandler                       0x08000243   Thumb Code     0  startup_stm32f40_41xxx.o(.text)
    TIM1_TRG_COM_TIM11_IRQHandler            0x08000243   Thumb Code     0  startup_stm32f40_41xxx.o(.text)
    TIM1_UP_TIM10_IRQHandler                 0x08000243   Thumb Code     0  startup_stm32f40_41xxx.o(.text)
    TIM2_IRQHandler                          0x08000243   Thumb Code     0  startup_stm32f40_41xxx.o(.text)
    TIM3_IRQHandler                          0x08000243   Thumb Code     0  startup_stm32f40_41xxx.o(.text)
    TIM4_IRQHandler                          0x08000243   Thumb Code     0  startup_stm32f40_41xxx.o(.text)
    TIM5_IRQHandler                          0x08000243   Thumb Code     0  startup_stm32f40_41xxx.o(.text)
    TIM6_DAC_IRQHandler                      0x08000243   Thumb Code     0  startup_stm32f40_41xxx.o(.text)
    TIM7_IRQHandler                          0x08000243   Thumb Code     0  startup_stm32f40_41xxx.o(.text)
    TIM8_BRK_TIM12_IRQHandler                0x08000243   Thumb Code     0  startup_stm32f40_41xxx.o(.text)
    TIM8_CC_IRQHandler                       0x08000243   Thumb Code     0  startup_stm32f40_41xxx.o(.text)
    TIM8_TRG_COM_TIM14_IRQHandler            0x08000243   Thumb Code     0  startup_stm32f40_41xxx.o(.text)
    TIM8_UP_TIM13_IRQHandler                 0x08000243   Thumb Code     0  startup_stm32f40_41xxx.o(.text)
    UART4_IRQHandler                         0x08000243   Thumb Code     0  startup_stm32f40_41xxx.o(.text)
    UART5_IRQHandler                         0x08000243   Thumb Code     0  startup_stm32f40_41xxx.o(.text)
    USART1_IRQHandler                        0x08000243   Thumb Code     0  startup_stm32f40_41xxx.o(.text)
    USART2_IRQHandler                        0x08000243   Thumb Code     0  startup_stm32f40_41xxx.o(.text)
    USART3_IRQHandler                        0x08000243   Thumb Code     0  startup_stm32f40_41xxx.o(.text)
    USART6_IRQHandler                        0x08000243   Thumb Code     0  startup_stm32f40_41xxx.o(.text)
    WWDG_IRQHandler                          0x08000243   Thumb Code     0  startup_stm32f40_41xxx.o(.text)
    __user_initial_stackheap                 0x08000245   Thumb Code     0  startup_stm32f40_41xxx.o(.text)
    CPU_IntDis                               0x08000269   Thumb Code     0  cpu_a.o(.text)
    CPU_IntEn                                0x0800026d   Thumb Code     0  cpu_a.o(.text)
    CPU_SR_Save                              0x08000271   Thumb Code     0  cpu_a.o(.text)
    CPU_SR_Restore                           0x08000279   Thumb Code     0  cpu_a.o(.text)
    CPU_WaitForInt                           0x0800027f   Thumb Code     0  cpu_a.o(.text)
    CPU_WaitForExcept                        0x08000283   Thumb Code     0  cpu_a.o(.text)
    CPU_CntLeadZeros                         0x08000287   Thumb Code     0  cpu_a.o(.text)
    CPU_CntTrailZeros                        0x0800028d   Thumb Code     0  cpu_a.o(.text)
    CPU_RevBits                              0x08000297   Thumb Code     0  cpu_a.o(.text)
    __use_two_region_memory                  0x0800029d   Thumb Code     2  heapauxi.o(.text)
    __rt_heap_escrow$2region                 0x0800029f   Thumb Code     2  heapauxi.o(.text)
    __rt_heap_expand$2region                 0x080002a1   Thumb Code     2  heapauxi.o(.text)
    __user_setup_stackheap                   0x080002a3   Thumb Code    74  sys_stackheap_outer.o(.text)
    exit                                     0x080002ed   Thumb Code    18  exit.o(.text)
    __user_libspace                          0x08000301   Thumb Code     8  libspace.o(.text)
    __user_perproc_libspace                  0x08000301   Thumb Code     0  libspace.o(.text)
    __user_perthread_libspace                0x08000301   Thumb Code     0  libspace.o(.text)
    _sys_exit                                0x08000309   Thumb Code     8  sys_exit.o(.text)
    __I$use$semihosting                      0x08000315   Thumb Code     0  use_no_semi.o(.text)
    __use_no_semihosting_swi                 0x08000315   Thumb Code     2  use_no_semi.o(.text)
    __semihosting_library_function           0x08000317   Thumb Code     0  indicate_semi.o(.text)
    OS_CPU_FP_Reg_Push                       0x08000319   Thumb Code     0  os_cpu_a.o(CODE)
    OS_CPU_FP_Reg_Pop                        0x08000333   Thumb Code     0  os_cpu_a.o(CODE)
    OSStartHighRdy                           0x08000345   Thumb Code     0  os_cpu_a.o(CODE)
    OSCtxSw                                  0x08000367   Thumb Code     0  os_cpu_a.o(CODE)
    OSIntCtxSw                               0x08000371   Thumb Code     0  os_cpu_a.o(CODE)
    OS_CPU_PendSVHandler                     0x0800037b   Thumb Code     0  os_cpu_a.o(CODE)
    BSP_CPU_ClkFreq                          0x080003dd   Thumb Code    14  bsp.o(i.BSP_CPU_ClkFreq)
    BusFault_Handler                         0x080003eb   Thumb Code     4  stm32f4xx_it.o(i.BusFault_Handler)
    CPU_Init                                 0x080003ef   Thumb Code    12  cpu_core.o(i.CPU_Init)
    CPU_NameClr                              0x080003fd   Thumb Code    42  cpu_core.o(i.CPU_NameClr)
    CPU_TS_TmrFreqSet                        0x08000449   Thumb Code     6  cpu_core.o(i.CPU_TS_TmrFreqSet)
    CPU_TS_TmrInit                           0x08000455   Thumb Code    44  bsp.o(i.CPU_TS_TmrInit)
    CPU_TS_TmrRd                             0x08000489   Thumb Code     6  bsp.o(i.CPU_TS_TmrRd)
    DebugMon_Handler                         0x08000495   Thumb Code     2  stm32f4xx_it.o(i.DebugMon_Handler)
    GPIO_Init                                0x08000497   Thumb Code   144  stm32f4xx_gpio.o(i.GPIO_Init)
    GPIO_SetBits                             0x08000527   Thumb Code     4  stm32f4xx_gpio.o(i.GPIO_SetBits)
    GPIO_ToggleBits                          0x0800052b   Thumb Code     8  stm32f4xx_gpio.o(i.GPIO_ToggleBits)
    HardFault_Handler                        0x08000533   Thumb Code     4  stm32f4xx_it.o(i.HardFault_Handler)
    LED_Init                                 0x08000539   Thumb Code    60  led.o(i.LED_Init)
    MemManage_Handler                        0x08000579   Thumb Code     4  stm32f4xx_it.o(i.MemManage_Handler)
    Mem_Clr                                  0x0800057d   Thumb Code    18  lib_mem.o(i.Mem_Clr)
    Mem_Init                                 0x08000591   Thumb Code    54  lib_mem.o(i.Mem_Init)
    Mem_Set                                  0x080005d9   Thumb Code    84  lib_mem.o(i.Mem_Set)
    NMI_Handler                              0x0800062d   Thumb Code     2  stm32f4xx_it.o(i.NMI_Handler)
    OSCfg_Init                               0x0800062f   Thumb Code     2  os_cfg_app.o(i.OSCfg_Init)
    OSIdleTaskHook                           0x08000631   Thumb Code    16  os_cpu_c.o(i.OSIdleTaskHook)
    OSInit                                   0x08000645   Thumb Code   270  os_core.o(i.OSInit)
    OSInitHook                               0x080007a9   Thumb Code    28  os_cpu_c.o(i.OSInitHook)
    OSIntExit                                0x080007d1   Thumb Code   188  os_core.o(i.OSIntExit)
    OSMutexCreate                            0x080008ad   Thumb Code   122  os_mutex.o(i.OSMutexCreate)
    OSMutexPend                              0x08000935   Thumb Code   574  os_mutex.o(i.OSMutexPend)
    OSMutexPost                              0x08000b85   Thumb Code   354  os_mutex.o(i.OSMutexPost)
    OSSched                                  0x08000cf9   Thumb Code   130  os_core.o(i.OSSched)
    OSSchedLock                              0x08000d99   Thumb Code   104  os_core.o(i.OSSchedLock)
    OSSchedUnlock                            0x08000e0d   Thumb Code   136  os_core.o(i.OSSchedUnlock)
    OSStart                                  0x08000ea1   Thumb Code    78  os_core.o(i.OSStart)
    OSStatReset                              0x08000f09   Thumb Code   262  os_stat.o(i.OSStatReset)
    OSStatTaskCPUUsageInit                   0x08001031   Thumb Code   212  os_stat.o(i.OSStatTaskCPUUsageInit)
    OSStatTaskHook                           0x08001121   Thumb Code    16  os_cpu_c.o(i.OSStatTaskHook)
    OSTaskCreate                             0x08001135   Thumb Code   392  os_task.o(i.OSTaskCreate)
    OSTaskCreateHook                         0x080012d1   Thumb Code    20  os_cpu_c.o(i.OSTaskCreateHook)
    OSTaskDel                                0x080012e9   Thumb Code   278  os_task.o(i.OSTaskDel)
    OSTaskDelHook                            0x08001411   Thumb Code    20  os_cpu_c.o(i.OSTaskDelHook)
    OSTaskResume                             0x08001429   Thumb Code    96  os_task.o(i.OSTaskResume)
    OSTaskReturnHook                         0x08001491   Thumb Code    20  os_cpu_c.o(i.OSTaskReturnHook)
    OSTaskSemPend                            0x080014a9   Thumb Code   464  os_task.o(i.OSTaskSemPend)
    OSTaskSemPost                            0x08001685   Thumb Code    62  os_task.o(i.OSTaskSemPost)
    OSTaskStkChk                             0x080016c5   Thumb Code   204  os_task.o(i.OSTaskStkChk)
    OSTaskStkInit                            0x08001799   Thumb Code   600  os_cpu_c.o(i.OSTaskStkInit)
    OSTaskSuspend                            0x08001a5d   Thumb Code    48  os_task.o(i.OSTaskSuspend)
    OSTaskSwHook                             0x08001a95   Thumb Code   168  os_cpu_c.o(i.OSTaskSwHook)
    OSTimeDly                                0x08001b4d   Thumb Code   172  os_time.o(i.OSTimeDly)
    OSTimeDlyHMSM                            0x08001c05   Thumb Code   384  os_time.o(i.OSTimeDlyHMSM)
    OSTimeTick                               0x08001d95   Thumb Code    50  os_time.o(i.OSTimeTick)
    OSTimeTickHook                           0x08001dd9   Thumb Code    16  os_cpu_c.o(i.OSTimeTickHook)
    OS_CPU_SysTickHandler                    0x08001ded   Thumb Code    52  os_cpu_c.o(i.OS_CPU_SysTickHandler)
    OS_CPU_SysTickInit                       0x08001e25   Thumb Code    44  os_cpu_c.o(i.OS_CPU_SysTickInit)
    OS_Dbg_Init                              0x08001e55   Thumb Code   146  os_dbg.o(i.OS_Dbg_Init)
    OS_FlagInit                              0x08001ffd   Thumb Code    14  os_flag.o(i.OS_FlagInit)
    OS_IdleTask                              0x08002015   Thumb Code    58  os_core.o(i.OS_IdleTask)
    OS_IdleTaskInit                          0x08002059   Thumb Code    66  os_core.o(i.OS_IdleTaskInit)
    OS_MemInit                               0x080020c9   Thumb Code    14  os_mem.o(i.OS_MemInit)
    OS_MsgPoolInit                           0x080020e1   Thumb Code   110  os_msg.o(i.OS_MsgPoolInit)
    OS_MsgQFreeAll                           0x0800215d   Thumb Code    62  os_msg.o(i.OS_MsgQFreeAll)
    OS_MsgQInit                              0x080021a1   Thumb Code    14  os_msg.o(i.OS_MsgQInit)
    OS_MutexDbgListAdd                       0x080021b1   Thumb Code    38  os_mutex.o(i.OS_MutexDbgListAdd)
    OS_MutexInit                             0x080021e1   Thumb Code    14  os_mutex.o(i.OS_MutexInit)
    OS_Pend                                  0x080021f9   Thumb Code    98  os_core.o(i.OS_Pend)
    OS_PendDataInit                          0x08002261   Thumb Code    38  os_core.o(i.OS_PendDataInit)
    OS_PendDbgNameAdd                        0x08002289   Thumb Code    66  os_core.o(i.OS_PendDbgNameAdd)
    OS_PendDbgNameRemove                     0x080022e5   Thumb Code    30  os_core.o(i.OS_PendDbgNameRemove)
    OS_PendListChangePrio                    0x08002309   Thumb Code    70  os_core.o(i.OS_PendListChangePrio)
    OS_PendListInit                          0x0800234f   Thumb Code    10  os_core.o(i.OS_PendListInit)
    OS_PendListInsertPrio                    0x08002359   Thumb Code   102  os_core.o(i.OS_PendListInsertPrio)
    OS_PendListRemove                        0x080023bf   Thumb Code    48  os_core.o(i.OS_PendListRemove)
    OS_PendListRemove1                       0x080023ef   Thumb Code    66  os_core.o(i.OS_PendListRemove1)
    OS_Post                                  0x08002431   Thumb Code   214  os_core.o(i.OS_Post)
    OS_Post1                                 0x08002507   Thumb Code    42  os_core.o(i.OS_Post1)
    OS_PrioGetHighest                        0x08002531   Thumb Code    36  os_prio.o(i.OS_PrioGetHighest)
    OS_PrioInit                              0x08002559   Thumb Code    20  os_prio.o(i.OS_PrioInit)
    OS_PrioInsert                            0x08002571   Thumb Code    32  os_prio.o(i.OS_PrioInsert)
    OS_PrioRemove                            0x08002595   Thumb Code    32  os_prio.o(i.OS_PrioRemove)
    OS_QInit                                 0x080025b9   Thumb Code    14  os_q.o(i.OS_QInit)
    OS_RdyListInit                           0x080025d1   Thumb Code    32  os_core.o(i.OS_RdyListInit)
    OS_RdyListInsert                         0x080025f5   Thumb Code    40  os_core.o(i.OS_RdyListInsert)
    OS_RdyListInsertHead                     0x08002621   Thumb Code    58  os_core.o(i.OS_RdyListInsertHead)
    OS_RdyListInsertTail                     0x08002661   Thumb Code    56  os_core.o(i.OS_RdyListInsertTail)
    OS_RdyListRemove                         0x0800269d   Thumb Code    86  os_core.o(i.OS_RdyListRemove)
    OS_SchedLockTimeMeasStart                0x080026f9   Thumb Code    20  os_core.o(i.OS_SchedLockTimeMeasStart)
    OS_SchedLockTimeMeasStop                 0x08002715   Thumb Code    44  os_core.o(i.OS_SchedLockTimeMeasStop)
    OS_SemInit                               0x08002751   Thumb Code    14  os_sem.o(i.OS_SemInit)
    OS_StatTask                              0x08002769   Thumb Code   684  os_stat.o(i.OS_StatTask)
    OS_StatTaskInit                          0x08002a51   Thumb Code   136  os_stat.o(i.OS_StatTaskInit)
    OS_TaskBlock                             0x08002b1d   Thumb Code    40  os_core.o(i.OS_TaskBlock)
    OS_TaskDbgListAdd                        0x08002b49   Thumb Code    42  os_task.o(i.OS_TaskDbgListAdd)
    OS_TaskDbgListRemove                     0x08002b79   Thumb Code    64  os_task.o(i.OS_TaskDbgListRemove)
    OS_TaskInit                              0x08002bbd   Thumb Code    18  os_task.o(i.OS_TaskInit)
    OS_TaskInitTCB                           0x08002bdd   Thumb Code   166  os_task.o(i.OS_TaskInitTCB)
    OS_TaskResume                            0x08002c91   Thumb Code   256  os_task.o(i.OS_TaskResume)
    OS_TaskReturn                            0x08002d91   Thumb Code    20  os_task.o(i.OS_TaskReturn)
    OS_TaskSemPost                           0x08002da9   Thumb Code   448  os_task.o(i.OS_TaskSemPost)
    OS_TaskSuspend                           0x08002f6d   Thumb Code   272  os_task.o(i.OS_TaskSuspend)
    OS_TickListInsert                        0x08003085   Thumb Code   134  os_tick.o(i.OS_TickListInsert)
    OS_TickListInsertDly                     0x0800310d   Thumb Code   180  os_tick.o(i.OS_TickListInsertDly)
    OS_TickListRemove                        0x080031c9   Thumb Code    88  os_tick.o(i.OS_TickListRemove)
    OS_TickListResetPeak                     0x08003221   Thumb Code     2  os_tick.o(i.OS_TickListResetPeak)
    OS_TickTask                              0x08003391   Thumb Code    98  os_tick.o(i.OS_TickTask)
    OS_TickTaskInit                          0x08003401   Thumb Code   140  os_tick.o(i.OS_TickTaskInit)
    OS_TmrInit                               0x080034c9   Thumb Code   200  os_tmr.o(i.OS_TmrInit)
    OS_TmrResetPeak                          0x08003615   Thumb Code     2  os_tmr.o(i.OS_TmrResetPeak)
    OS_TmrTask                               0x08003619   Thumb Code   134  os_tmr.o(i.OS_TmrTask)
    OS_TmrUnlink                             0x080036ad   Thumb Code    58  os_tmr.o(i.OS_TmrUnlink)
    RCC_AHB1PeriphClockCmd                   0x08003705   Thumb Code    26  stm32f4xx_rcc.o(i.RCC_AHB1PeriphClockCmd)
    RCC_GetClocksFreq                        0x08003725   Thumb Code   214  stm32f4xx_rcc.o(i.RCC_GetClocksFreq)
    SVC_Handler                              0x0800380d   Thumb Code     2  stm32f4xx_it.o(i.SVC_Handler)
    SystemInit                               0x080038fd   Thumb Code    88  system_stm32f4xx.o(i.SystemInit)
    UsageFault_Handler                       0x08003965   Thumb Code     4  stm32f4xx_it.o(i.UsageFault_Handler)
    led1_task                                0x08003969   Thumb Code    36  main.o(i.led1_task)
    led2_task                                0x08003991   Thumb Code    38  main.o(i.led2_task)
    main                                     0x080039bd   Thumb Code    66  main.o(i.main)
    _fp_init                                 0x08003b05   Thumb Code    10  fpinit.o(x$fpl$fpinit)
    __fplib_config_fpu_vfp                   0x08003b0d   Thumb Code     0  fpinit.o(x$fpl$fpinit)
    __fplib_config_pureend_doubles           0x08003b0d   Thumb Code     0  fpinit.o(x$fpl$fpinit)
    OSCfg_IdleTaskStkBasePtr                 0x08003b10   Data           4  os_cfg_app.o(.constdata)
    OSCfg_IdleTaskStkLimit                   0x08003b14   Data           4  os_cfg_app.o(.constdata)
    OSCfg_IdleTaskStkSize                    0x08003b18   Data           4  os_cfg_app.o(.constdata)
    OSCfg_IdleTaskStkSizeRAM                 0x08003b1c   Data           4  os_cfg_app.o(.constdata)
    OSCfg_IntQBasePtr                        0x08003b20   Data           4  os_cfg_app.o(.constdata)
    OSCfg_IntQSize                           0x08003b24   Data           2  os_cfg_app.o(.constdata)
    OSCfg_IntQSizeRAM                        0x08003b28   Data           4  os_cfg_app.o(.constdata)
    OSCfg_IntQTaskStkBasePtr                 0x08003b2c   Data           4  os_cfg_app.o(.constdata)
    OSCfg_IntQTaskStkLimit                   0x08003b30   Data           4  os_cfg_app.o(.constdata)
    OSCfg_IntQTaskStkSize                    0x08003b34   Data           4  os_cfg_app.o(.constdata)
    OSCfg_IntQTaskStkSizeRAM                 0x08003b38   Data           4  os_cfg_app.o(.constdata)
    OSCfg_ISRStkBasePtr                      0x08003b3c   Data           4  os_cfg_app.o(.constdata)
    OSCfg_ISRStkSize                         0x08003b40   Data           4  os_cfg_app.o(.constdata)
    OSCfg_ISRStkSizeRAM                      0x08003b44   Data           4  os_cfg_app.o(.constdata)
    OSCfg_MsgPoolSize                        0x08003b48   Data           2  os_cfg_app.o(.constdata)
    OSCfg_MsgPoolSizeRAM                     0x08003b4c   Data           4  os_cfg_app.o(.constdata)
    OSCfg_MsgPoolBasePtr                     0x08003b50   Data           4  os_cfg_app.o(.constdata)
    OSCfg_StatTaskPrio                       0x08003b54   Data           1  os_cfg_app.o(.constdata)
    OSCfg_StatTaskRate_Hz                    0x08003b58   Data           4  os_cfg_app.o(.constdata)
    OSCfg_StatTaskStkBasePtr                 0x08003b5c   Data           4  os_cfg_app.o(.constdata)
    OSCfg_StatTaskStkLimit                   0x08003b60   Data           4  os_cfg_app.o(.constdata)
    OSCfg_StatTaskStkSize                    0x08003b64   Data           4  os_cfg_app.o(.constdata)
    OSCfg_StatTaskStkSizeRAM                 0x08003b68   Data           4  os_cfg_app.o(.constdata)
    OSCfg_StkSizeMin                         0x08003b6c   Data           4  os_cfg_app.o(.constdata)
    OSCfg_TickRate_Hz                        0x08003b70   Data           4  os_cfg_app.o(.constdata)
    OSCfg_TickTaskPrio                       0x08003b74   Data           1  os_cfg_app.o(.constdata)
    OSCfg_TickTaskStkBasePtr                 0x08003b78   Data           4  os_cfg_app.o(.constdata)
    OSCfg_TickTaskStkLimit                   0x08003b7c   Data           4  os_cfg_app.o(.constdata)
    OSCfg_TickTaskStkSize                    0x08003b80   Data           4  os_cfg_app.o(.constdata)
    OSCfg_TickTaskStkSizeRAM                 0x08003b84   Data           4  os_cfg_app.o(.constdata)
    OSCfg_TmrTaskPrio                        0x08003b88   Data           1  os_cfg_app.o(.constdata)
    OSCfg_TmrTaskRate_Hz                     0x08003b8c   Data           4  os_cfg_app.o(.constdata)
    OSCfg_TmrTaskStkBasePtr                  0x08003b90   Data           4  os_cfg_app.o(.constdata)
    OSCfg_TmrTaskStkLimit                    0x08003b94   Data           4  os_cfg_app.o(.constdata)
    OSCfg_TmrTaskStkSize                     0x08003b98   Data           4  os_cfg_app.o(.constdata)
    OSCfg_TmrTaskStkSizeRAM                  0x08003b9c   Data           4  os_cfg_app.o(.constdata)
    OSCfg_DataSizeRAM                        0x08003ba0   Data           4  os_cfg_app.o(.constdata)
    OSDbg_DbgEn                              0x08003ba4   Data           1  os_dbg.o(.constdata)
    OSDbg_ArgChkEn                           0x08003ba5   Data           1  os_dbg.o(.constdata)
    OSDbg_AppHooksEn                         0x08003ba6   Data           1  os_dbg.o(.constdata)
    OSDbg_EndiannessTest                     0x08003ba8   Data           4  os_dbg.o(.constdata)
    OSDbg_CalledFromISRChkEn                 0x08003bac   Data           1  os_dbg.o(.constdata)
    OSDbg_FlagEn                             0x08003bad   Data           1  os_dbg.o(.constdata)
    OSDbg_FlagGrp                            0x08003bb0   Data          40  os_dbg.o(.constdata)
    OSDbg_FlagDelEn                          0x08003bd8   Data           1  os_dbg.o(.constdata)
    OSDbg_FlagModeClrEn                      0x08003bd9   Data           1  os_dbg.o(.constdata)
    OSDbg_FlagPendAbortEn                    0x08003bda   Data           1  os_dbg.o(.constdata)
    OSDbg_FlagGrpSize                        0x08003bdc   Data           2  os_dbg.o(.constdata)
    OSDbg_FlagWidth                          0x08003bde   Data           2  os_dbg.o(.constdata)
    OSDbg_IntQ                               0x08003be0   Data           2  os_dbg.o(.constdata)
    OSDbg_ISRPostDeferredEn                  0x08003be2   Data           1  os_dbg.o(.constdata)
    OSDbg_Mem                                0x08003be4   Data          32  os_dbg.o(.constdata)
    OSDbg_MemEn                              0x08003c04   Data           1  os_dbg.o(.constdata)
    OSDbg_MemSize                            0x08003c06   Data           2  os_dbg.o(.constdata)
    OSDbg_MsgEn                              0x08003c08   Data           1  os_dbg.o(.constdata)
    OSDbg_MsgSize                            0x08003c0a   Data           2  os_dbg.o(.constdata)
    OSDbg_MsgPoolSize                        0x08003c0c   Data           2  os_dbg.o(.constdata)
    OSDbg_MsgQSize                           0x08003c0e   Data           2  os_dbg.o(.constdata)
    OSDbg_Mutex                              0x08003c10   Data          44  os_dbg.o(.constdata)
    OSDbg_MutexEn                            0x08003c3c   Data           1  os_dbg.o(.constdata)
    OSDbg_MutexDelEn                         0x08003c3d   Data           1  os_dbg.o(.constdata)
    OSDbg_MutexPendAbortEn                   0x08003c3e   Data           1  os_dbg.o(.constdata)
    OSDbg_MutexSize                          0x08003c40   Data           2  os_dbg.o(.constdata)
    OSDbg_ObjTypeChkEn                       0x08003c42   Data           1  os_dbg.o(.constdata)
    OSDbg_PendMultiEn                        0x08003c43   Data           1  os_dbg.o(.constdata)
    OSDbg_PendDataSize                       0x08003c44   Data           2  os_dbg.o(.constdata)
    OSDbg_PendListSize                       0x08003c46   Data           2  os_dbg.o(.constdata)
    OSDbg_PendObjSize                        0x08003c48   Data           2  os_dbg.o(.constdata)
    OSDbg_PrioMax                            0x08003c4a   Data           2  os_dbg.o(.constdata)
    OSDbg_PrioTblSize                        0x08003c4c   Data           2  os_dbg.o(.constdata)
    OSDbg_PtrSize                            0x08003c4e   Data           2  os_dbg.o(.constdata)
    OSDbg_Q                                  0x08003c50   Data          48  os_dbg.o(.constdata)
    OSDbg_QEn                                0x08003c80   Data           1  os_dbg.o(.constdata)
    OSDbg_QDelEn                             0x08003c81   Data           1  os_dbg.o(.constdata)
    OSDbg_QFlushEn                           0x08003c82   Data           1  os_dbg.o(.constdata)
    OSDbg_QPendAbortEn                       0x08003c83   Data           1  os_dbg.o(.constdata)
    OSDbg_QSize                              0x08003c84   Data           2  os_dbg.o(.constdata)
    OSDbg_SchedRoundRobinEn                  0x08003c86   Data           1  os_dbg.o(.constdata)
    OSDbg_Sem                                0x08003c88   Data          40  os_dbg.o(.constdata)
    OSDbg_SemEn                              0x08003cb0   Data           1  os_dbg.o(.constdata)
    OSDbg_SemDelEn                           0x08003cb1   Data           1  os_dbg.o(.constdata)
    OSDbg_SemPendAbortEn                     0x08003cb2   Data           1  os_dbg.o(.constdata)
    OSDbg_SemSetEn                           0x08003cb3   Data           1  os_dbg.o(.constdata)
    OSDbg_SemSize                            0x08003cb4   Data           2  os_dbg.o(.constdata)
    OSDbg_RdyList                            0x08003cb6   Data           2  os_dbg.o(.constdata)
    OSDbg_RdyListSize                        0x08003cb8   Data           4  os_dbg.o(.constdata)
    OSDbg_StkWidth                           0x08003cbc   Data           1  os_dbg.o(.constdata)
    OSDbg_StatTaskEn                         0x08003cbd   Data           1  os_dbg.o(.constdata)
    OSDbg_StatTaskStkChkEn                   0x08003cbe   Data           1  os_dbg.o(.constdata)
    OSDbg_TaskChangePrioEn                   0x08003cbf   Data           1  os_dbg.o(.constdata)
    OSDbg_TaskDelEn                          0x08003cc0   Data           1  os_dbg.o(.constdata)
    OSDbg_TaskQEn                            0x08003cc1   Data           1  os_dbg.o(.constdata)
    OSDbg_TaskQPendAbortEn                   0x08003cc2   Data           1  os_dbg.o(.constdata)
    OSDbg_TaskProfileEn                      0x08003cc3   Data           1  os_dbg.o(.constdata)
    OSDbg_TaskRegTblSize                     0x08003cc4   Data           2  os_dbg.o(.constdata)
    OSDbg_TaskSemPendAbortEn                 0x08003cc6   Data           1  os_dbg.o(.constdata)
    OSDbg_TaskSuspendEn                      0x08003cc7   Data           1  os_dbg.o(.constdata)
    OSDbg_TCBSize                            0x08003cc8   Data           2  os_dbg.o(.constdata)
    OSDbg_TickListSize                       0x08003cca   Data           2  os_dbg.o(.constdata)
    OSDbg_TimeDlyHMSMEn                      0x08003ccc   Data           1  os_dbg.o(.constdata)
    OSDbg_TimeDlyResumeEn                    0x08003ccd   Data           1  os_dbg.o(.constdata)
    OSDbg_TLS_TblSize                        0x08003cce   Data           2  os_dbg.o(.constdata)
    OSDbg_Tmr                                0x08003cd0   Data          48  os_dbg.o(.constdata)
    OSDbg_TmrEn                              0x08003d00   Data           1  os_dbg.o(.constdata)
    OSDbg_TmrDelEn                           0x08003d01   Data           1  os_dbg.o(.constdata)
    OSDbg_TmrSize                            0x08003d02   Data           2  os_dbg.o(.constdata)
    OSDbg_VersionNbr                         0x08003d04   Data           2  os_dbg.o(.constdata)
    OSDbg_DataSize                           0x08003d08   Data           4  os_dbg.o(.constdata)
    Region$$Table$$Base                      0x08003d0c   Number         0  anon$$obj.o(Region$$Table)
    Region$$Table$$Limit                     0x08003d2c   Number         0  anon$$obj.o(Region$$Table)
    CPU_TS_TmrFreq_Hz                        0x20000010   Data           4  cpu_core.o(.data)
    Mem_PoolTbl                              0x20000014   Data           4  lib_mem.o(.data)
    OS_CPU_ExceptStkBase                     0x20000018   Data           4  os_cpu_c.o(.data)
    OSPrioTbl                                0x2000001c   Data           8  os_prio.o(.data)
    OS_AppTaskCreateHookPtr                  0x20000024   Data           4  os_var.o(.data)
    OS_AppTaskDelHookPtr                     0x20000028   Data           4  os_var.o(.data)
    OS_AppTaskReturnHookPtr                  0x2000002c   Data           4  os_var.o(.data)
    OS_AppIdleTaskHookPtr                    0x20000030   Data           4  os_var.o(.data)
    OS_AppStatTaskHookPtr                    0x20000034   Data           4  os_var.o(.data)
    OS_AppTaskSwHookPtr                      0x20000038   Data           4  os_var.o(.data)
    OS_AppTimeTickHookPtr                    0x2000003c   Data           4  os_var.o(.data)
    OSIdleTaskCtr                            0x20000040   Data           4  os_var.o(.data)
    OSIntNestingCtr                          0x20000044   Data           1  os_var.o(.data)
    OSRunning                                0x20000045   Data           1  os_var.o(.data)
    OSFlagDbgListPtr                         0x20000048   Data           4  os_var.o(.data)
    OSFlagQty                                0x2000004c   Data           2  os_var.o(.data)
    OSMemDbgListPtr                          0x20000050   Data           4  os_var.o(.data)
    OSMemQty                                 0x20000054   Data           2  os_var.o(.data)
    OSMutexDbgListPtr                        0x20000058   Data           4  os_var.o(.data)
    OSMutexQty                               0x2000005c   Data           2  os_var.o(.data)
    OSPrioCur                                0x2000005e   Data           1  os_var.o(.data)
    OSPrioHighRdy                            0x2000005f   Data           1  os_var.o(.data)
    OSPrioSaved                              0x20000060   Data           1  os_var.o(.data)
    OSQDbgListPtr                            0x20000064   Data           4  os_var.o(.data)
    OSQQty                                   0x20000068   Data           2  os_var.o(.data)
    OSSchedLockTimeBegin                     0x2000006c   Data           4  os_var.o(.data)
    OSSchedLockTimeMax                       0x20000070   Data           4  os_var.o(.data)
    OSSchedLockTimeMaxCur                    0x20000074   Data           4  os_var.o(.data)
    OSSchedLockNestingCtr                    0x20000078   Data           1  os_var.o(.data)
    OSSemDbgListPtr                          0x2000007c   Data           4  os_var.o(.data)
    OSSemQty                                 0x20000080   Data           2  os_var.o(.data)
    OSStatResetFlag                          0x20000082   Data           1  os_var.o(.data)
    OSStatTaskCPUUsage                       0x20000084   Data           2  os_var.o(.data)
    OSStatTaskCPUUsageMax                    0x20000086   Data           2  os_var.o(.data)
    OSStatTaskCtr                            0x20000088   Data           4  os_var.o(.data)
    OSStatTaskCtrMax                         0x2000008c   Data           4  os_var.o(.data)
    OSStatTaskCtrRun                         0x20000090   Data           4  os_var.o(.data)
    OSStatTaskRdy                            0x20000094   Data           1  os_var.o(.data)
    OSStatTaskTimeMax                        0x20000098   Data           4  os_var.o(.data)
    OSTaskCtxSwCtr                           0x2000009c   Data           4  os_var.o(.data)
    OSTaskDbgListPtr                         0x200000a0   Data           4  os_var.o(.data)
    OSTaskQty                                0x200000a4   Data           2  os_var.o(.data)
    OSTaskRegNextAvailID                     0x200000a6   Data           1  os_var.o(.data)
    OSTickCtr                                0x200000a8   Data           4  os_var.o(.data)
    OSTickTaskTimeMax                        0x200000ac   Data           4  os_var.o(.data)
    OSTickListDly                            0x200000b0   Data           8  os_var.o(.data)
    OSTickListTimeout                        0x200000b8   Data           8  os_var.o(.data)
    OSTmrDbgListPtr                          0x200000c0   Data           4  os_var.o(.data)
    OSTmrListEntries                         0x200000c4   Data           2  os_var.o(.data)
    OSTmrListPtr                             0x200000c8   Data           4  os_var.o(.data)
    OSTmrQty                                 0x200000cc   Data           2  os_var.o(.data)
    OSTmrTaskTimeMax                         0x200000d0   Data           4  os_var.o(.data)
    OSTmrTickCtr                             0x200000d4   Data           4  os_var.o(.data)
    OSTmrUpdateCnt                           0x200000d8   Data           4  os_var.o(.data)
    OSTmrUpdateCtr                           0x200000dc   Data           4  os_var.o(.data)
    OSTCBCurPtr                              0x200000e0   Data           4  os_var.o(.data)
    OSTCBHighRdyPtr                          0x200000e4   Data           4  os_var.o(.data)
    StartTaskTCB                             0x200000e8   Data         184  main.o(.bss)
    START_TASK_STK                           0x200001a0   Data        2048  main.o(.bss)
    Led1TaskTCB                              0x200009a0   Data         184  main.o(.bss)
    LED1_TASK_STK                            0x20000a58   Data         512  main.o(.bss)
    Led2TaskTCB                              0x20000c58   Data         184  main.o(.bss)
    LED2_TASK_STK                            0x20000d10   Data         512  main.o(.bss)
    CPU_Name                                 0x20000f10   Data          16  cpu_core.o(.bss)
    Mem_PoolHeap                             0x20000f20   Data          72  lib_mem.o(.bss)
    Mem_Heap                                 0x20000f68   Data        1024  lib_mem.o(.bss)
    OSCfg_IdleTaskStk                        0x20001368   Data         512  os_cfg_app.o(.bss)
    OSCfg_ISRStk                             0x20001568   Data         512  os_cfg_app.o(.bss)
    OSCfg_MsgPool                            0x20001768   Data        1600  os_cfg_app.o(.bss)
    OSCfg_StatTaskStk                        0x20001da8   Data         512  os_cfg_app.o(.bss)
    OSCfg_TickTaskStk                        0x20001fa8   Data         512  os_cfg_app.o(.bss)
    OSCfg_TmrTaskStk                         0x200021a8   Data         512  os_cfg_app.o(.bss)
    OSIdleTaskTCB                            0x200023a8   Data         184  os_var.o(.bss)
    OSMsgPool                                0x20002460   Data          12  os_var.o(.bss)
    OSRdyList                                0x2000246c   Data         768  os_var.o(.bss)
    OSStatTaskTCB                            0x2000276c   Data         184  os_var.o(.bss)
    OSTickTaskTCB                            0x20002824   Data         184  os_var.o(.bss)
    OSTmrMutex                               0x200028dc   Data          44  os_var.o(.bss)
    OSTmrTaskTCB                             0x20002908   Data         184  os_var.o(.bss)
    __libspace_start                         0x200029c0   Data          96  libspace.o(.bss)
    __temporary_stack_top$libspace           0x20002a20   Data           0  libspace.o(.bss)



==============================================================================

Memory Map of the image

  Image Entry point : 0x08000189

  Load Region LR_IROM1 (Base: 0x08000000, Size: 0x00003e14, Max: 0x00100000, ABSOLUTE)

    Execution Region ER_IROM1 (Exec base: 0x08000000, Load base: 0x08000000, Size: 0x00003d2c, Max: 0x00100000, ABSOLUTE)

    Exec Addr    Load Addr    Size         Type   Attr      Idx    E Section Name        Object

    0x08000000   0x08000000   0x00000188   Data   RO          408    RESET               startup_stm32f40_41xxx.o
    0x08000188   0x08000188   0x00000008   Code   RO         2910  * !!!main             c_w.l(__main.o)
    0x08000190   0x08000190   0x00000034   Code   RO         3077    !!!scatter          c_w.l(__scatter.o)
    0x080001c4   0x080001c4   0x0000001a   Code   RO         3079    !!handler_copy      c_w.l(__scatter_copy.o)
    0x080001de   0x080001de   0x00000002   PAD
    0x080001e0   0x080001e0   0x0000001c   Code   RO         3081    !!handler_zi        c_w.l(__scatter_zi.o)
    0x080001fc   0x080001fc   0x00000002   Code   RO         2947    .ARM.Collect$$libinit$$00000000  c_w.l(libinit.o)
    0x080001fe   0x080001fe   0x00000004   Code   RO         2959    .ARM.Collect$$libinit$$00000001  c_w.l(libinit2.o)
    0x08000202   0x08000202   0x00000000   Code   RO         2962    .ARM.Collect$$libinit$$00000004  c_w.l(libinit2.o)
    0x08000202   0x08000202   0x00000000   Code   RO         2965    .ARM.Collect$$libinit$$0000000A  c_w.l(libinit2.o)
    0x08000202   0x08000202   0x00000000   Code   RO         2967    .ARM.Collect$$libinit$$0000000C  c_w.l(libinit2.o)
    0x08000202   0x08000202   0x00000000   Code   RO         2969    .ARM.Collect$$libinit$$0000000E  c_w.l(libinit2.o)
    0x08000202   0x08000202   0x00000000   Code   RO         2972    .ARM.Collect$$libinit$$00000011  c_w.l(libinit2.o)
    0x08000202   0x08000202   0x00000000   Code   RO         2974    .ARM.Collect$$libinit$$00000013  c_w.l(libinit2.o)
    0x08000202   0x08000202   0x00000000   Code   RO         2976    .ARM.Collect$$libinit$$00000015  c_w.l(libinit2.o)
    0x08000202   0x08000202   0x00000000   Code   RO         2978    .ARM.Collect$$libinit$$00000017  c_w.l(libinit2.o)
    0x08000202   0x08000202   0x00000000   Code   RO         2980    .ARM.Collect$$libinit$$00000019  c_w.l(libinit2.o)
    0x08000202   0x08000202   0x00000000   Code   RO         2982    .ARM.Collect$$libinit$$0000001B  c_w.l(libinit2.o)
    0x08000202   0x08000202   0x00000000   Code   RO         2984    .ARM.Collect$$libinit$$0000001D  c_w.l(libinit2.o)
    0x08000202   0x08000202   0x00000000   Code   RO         2986    .ARM.Collect$$libinit$$0000001F  c_w.l(libinit2.o)
    0x08000202   0x08000202   0x00000000   Code   RO         2988    .ARM.Collect$$libinit$$00000021  c_w.l(libinit2.o)
    0x08000202   0x08000202   0x00000000   Code   RO         2990    .ARM.Collect$$libinit$$00000023  c_w.l(libinit2.o)
    0x08000202   0x08000202   0x00000000   Code   RO         2992    .ARM.Collect$$libinit$$00000025  c_w.l(libinit2.o)
    0x08000202   0x08000202   0x00000000   Code   RO         2996    .ARM.Collect$$libinit$$0000002C  c_w.l(libinit2.o)
    0x08000202   0x08000202   0x00000000   Code   RO         2998    .ARM.Collect$$libinit$$0000002E  c_w.l(libinit2.o)
    0x08000202   0x08000202   0x00000000   Code   RO         3000    .ARM.Collect$$libinit$$00000030  c_w.l(libinit2.o)
    0x08000202   0x08000202   0x00000000   Code   RO         3002    .ARM.Collect$$libinit$$00000032  c_w.l(libinit2.o)
    0x08000202   0x08000202   0x00000002   Code   RO         3003    .ARM.Collect$$libinit$$00000033  c_w.l(libinit2.o)
    0x08000204   0x08000204   0x00000002   Code   RO         3034    .ARM.Collect$$libshutdown$$00000000  c_w.l(libshutdown.o)
    0x08000206   0x08000206   0x00000000   Code   RO         3060    .ARM.Collect$$libshutdown$$00000002  c_w.l(libshutdown2.o)
    0x08000206   0x08000206   0x00000000   Code   RO         3062    .ARM.Collect$$libshutdown$$00000004  c_w.l(libshutdown2.o)
    0x08000206   0x08000206   0x00000000   Code   RO         3065    .ARM.Collect$$libshutdown$$00000007  c_w.l(libshutdown2.o)
    0x08000206   0x08000206   0x00000000   Code   RO         3068    .ARM.Collect$$libshutdown$$0000000A  c_w.l(libshutdown2.o)
    0x08000206   0x08000206   0x00000000   Code   RO         3070    .ARM.Collect$$libshutdown$$0000000C  c_w.l(libshutdown2.o)
    0x08000206   0x08000206   0x00000000   Code   RO         3073    .ARM.Collect$$libshutdown$$0000000F  c_w.l(libshutdown2.o)
    0x08000206   0x08000206   0x00000002   Code   RO         3074    .ARM.Collect$$libshutdown$$00000010  c_w.l(libshutdown2.o)
    0x08000208   0x08000208   0x00000000   Code   RO         2912    .ARM.Collect$$rtentry$$00000000  c_w.l(__rtentry.o)
    0x08000208   0x08000208   0x00000000   Code   RO         2918    .ARM.Collect$$rtentry$$00000002  c_w.l(__rtentry2.o)
    0x08000208   0x08000208   0x00000006   Code   RO         2930    .ARM.Collect$$rtentry$$00000004  c_w.l(__rtentry4.o)
    0x0800020e   0x0800020e   0x00000000   Code   RO         2920    .ARM.Collect$$rtentry$$00000009  c_w.l(__rtentry2.o)
    0x0800020e   0x0800020e   0x00000004   Code   RO         2921    .ARM.Collect$$rtentry$$0000000A  c_w.l(__rtentry2.o)
    0x08000212   0x08000212   0x00000000   Code   RO         2923    .ARM.Collect$$rtentry$$0000000C  c_w.l(__rtentry2.o)
    0x08000212   0x08000212   0x00000008   Code   RO         2924    .ARM.Collect$$rtentry$$0000000D  c_w.l(__rtentry2.o)
    0x0800021a   0x0800021a   0x00000002   Code   RO         2951    .ARM.Collect$$rtexit$$00000000  c_w.l(rtexit.o)
    0x0800021c   0x0800021c   0x00000000   Code   RO         3007    .ARM.Collect$$rtexit$$00000002  c_w.l(rtexit2.o)
    0x0800021c   0x0800021c   0x00000004   Code   RO         3008    .ARM.Collect$$rtexit$$00000003  c_w.l(rtexit2.o)
    0x08000220   0x08000220   0x00000006   Code   RO         3009    .ARM.Collect$$rtexit$$00000004  c_w.l(rtexit2.o)
    0x08000226   0x08000226   0x00000002   PAD
    0x08000228   0x08000228   0x00000040   Code   RO          409    .text               startup_stm32f40_41xxx.o
    0x08000268   0x08000268   0x00000034   Code   RO         1301    .text               cpu_a.o
    0x0800029c   0x0800029c   0x00000006   Code   RO         2908    .text               c_w.l(heapauxi.o)
    0x080002a2   0x080002a2   0x0000004a   Code   RO         2934    .text               c_w.l(sys_stackheap_outer.o)
    0x080002ec   0x080002ec   0x00000012   Code   RO         2936    .text               c_w.l(exit.o)
    0x080002fe   0x080002fe   0x00000002   PAD
    0x08000300   0x08000300   0x00000008   Code   RO         2948    .text               c_w.l(libspace.o)
    0x08000308   0x08000308   0x0000000c   Code   RO         3004    .text               c_w.l(sys_exit.o)
    0x08000314   0x08000314   0x00000002   Code   RO         3023    .text               c_w.l(use_no_semi.o)
    0x08000316   0x08000316   0x00000000   Code   RO         3025    .text               c_w.l(indicate_semi.o)
    0x08000316   0x08000316   0x00000002   PAD
    0x08000318   0x08000318   0x000000c4   Code   RO         1840    CODE                os_cpu_a.o
    0x080003dc   0x080003dc   0x0000000e   Code   RO         1006    i.BSP_CPU_ClkFreq   bsp.o
    0x080003ea   0x080003ea   0x00000004   Code   RO          233    i.BusFault_Handler  stm32f4xx_it.o
    0x080003ee   0x080003ee   0x0000000c   Code   RO         1183    i.CPU_Init          cpu_core.o
    0x080003fa   0x080003fa   0x00000002   PAD
    0x080003fc   0x080003fc   0x00000030   Code   RO         1184    i.CPU_NameClr       cpu_core.o
    0x0800042c   0x0800042c   0x00000008   Code   RO         1186    i.CPU_NameInit      cpu_core.o
    0x08000434   0x08000434   0x00000014   Code   RO         1190    i.CPU_TS_Init       cpu_core.o
    0x08000448   0x08000448   0x0000000c   Code   RO         1192    i.CPU_TS_TmrFreqSet  cpu_core.o
    0x08000454   0x08000454   0x00000034   Code   RO         1009    i.CPU_TS_TmrInit    bsp.o
    0x08000488   0x08000488   0x0000000c   Code   RO         1010    i.CPU_TS_TmrRd      bsp.o
    0x08000494   0x08000494   0x00000002   Code   RO          234    i.DebugMon_Handler  stm32f4xx_it.o
    0x08000496   0x08000496   0x00000090   Code   RO          417    i.GPIO_Init         stm32f4xx_gpio.o
    0x08000526   0x08000526   0x00000004   Code   RO          425    i.GPIO_SetBits      stm32f4xx_gpio.o
    0x0800052a   0x0800052a   0x00000008   Code   RO          427    i.GPIO_ToggleBits   stm32f4xx_gpio.o
    0x08000532   0x08000532   0x00000004   Code   RO          235    i.HardFault_Handler  stm32f4xx_it.o
    0x08000536   0x08000536   0x00000002   PAD
    0x08000538   0x08000538   0x00000040   Code   RO          979    i.LED_Init          led.o
    0x08000578   0x08000578   0x00000004   Code   RO          236    i.MemManage_Handler  stm32f4xx_it.o
    0x0800057c   0x0800057c   0x00000012   Code   RO         1493    i.Mem_Clr           lib_mem.o
    0x0800058e   0x0800058e   0x00000002   PAD
    0x08000590   0x08000590   0x00000048   Code   RO         1497    i.Mem_Init          lib_mem.o
    0x080005d8   0x080005d8   0x00000054   Code   RO         1509    i.Mem_Set           lib_mem.o
    0x0800062c   0x0800062c   0x00000002   Code   RO          237    i.NMI_Handler       stm32f4xx_it.o
    0x0800062e   0x0800062e   0x00000002   Code   RO         1843    i.OSCfg_Init        os_cfg_app.o
    0x08000630   0x08000630   0x00000014   Code   RO         1762    i.OSIdleTaskHook    os_cpu_c.o
    0x08000644   0x08000644   0x00000164   Code   RO         1866    i.OSInit            os_core.o
    0x080007a8   0x080007a8   0x00000028   Code   RO         1763    i.OSInitHook        os_cpu_c.o
    0x080007d0   0x080007d0   0x000000dc   Code   RO         1868    i.OSIntExit         os_core.o
    0x080008ac   0x080008ac   0x00000088   Code   RO         2263    i.OSMutexCreate     os_mutex.o
    0x08000934   0x08000934   0x00000250   Code   RO         2265    i.OSMutexPend       os_mutex.o
    0x08000b84   0x08000b84   0x00000174   Code   RO         2267    i.OSMutexPost       os_mutex.o
    0x08000cf8   0x08000cf8   0x000000a0   Code   RO         1869    i.OSSched           os_core.o
    0x08000d98   0x08000d98   0x00000074   Code   RO         1870    i.OSSchedLock       os_core.o
    0x08000e0c   0x08000e0c   0x00000094   Code   RO         1871    i.OSSchedUnlock     os_core.o
    0x08000ea0   0x08000ea0   0x00000068   Code   RO         1872    i.OSStart           os_core.o
    0x08000f08   0x08000f08   0x00000128   Code   RO         2510    i.OSStatReset       os_stat.o
    0x08001030   0x08001030   0x000000f0   Code   RO         2511    i.OSStatTaskCPUUsageInit  os_stat.o
    0x08001120   0x08001120   0x00000014   Code   RO         1764    i.OSStatTaskHook    os_cpu_c.o
    0x08001134   0x08001134   0x0000019c   Code   RO         2541    i.OSTaskCreate      os_task.o
    0x080012d0   0x080012d0   0x00000018   Code   RO         1765    i.OSTaskCreateHook  os_cpu_c.o
    0x080012e8   0x080012e8   0x00000128   Code   RO         2542    i.OSTaskDel         os_task.o
    0x08001410   0x08001410   0x00000018   Code   RO         1766    i.OSTaskDelHook     os_cpu_c.o
    0x08001428   0x08001428   0x00000068   Code   RO         2550    i.OSTaskResume      os_task.o
    0x08001490   0x08001490   0x00000018   Code   RO         1767    i.OSTaskReturnHook  os_cpu_c.o
    0x080014a8   0x080014a8   0x000001dc   Code   RO         2551    i.OSTaskSemPend     os_task.o
    0x08001684   0x08001684   0x0000003e   Code   RO         2553    i.OSTaskSemPost     os_task.o
    0x080016c2   0x080016c2   0x00000002   PAD
    0x080016c4   0x080016c4   0x000000d4   Code   RO         2555    i.OSTaskStkChk      os_task.o
    0x08001798   0x08001798   0x000002c4   Code   RO         1768    i.OSTaskStkInit     os_cpu_c.o
    0x08001a5c   0x08001a5c   0x00000038   Code   RO         2556    i.OSTaskSuspend     os_task.o
    0x08001a94   0x08001a94   0x000000b8   Code   RO         1769    i.OSTaskSwHook      os_cpu_c.o
    0x08001b4c   0x08001b4c   0x000000b8   Code   RO         2754    i.OSTimeDly         os_time.o
    0x08001c04   0x08001c04   0x00000190   Code   RO         2755    i.OSTimeDlyHMSM     os_time.o
    0x08001d94   0x08001d94   0x00000044   Code   RO         2759    i.OSTimeTick        os_time.o
    0x08001dd8   0x08001dd8   0x00000014   Code   RO         1770    i.OSTimeTickHook    os_cpu_c.o
    0x08001dec   0x08001dec   0x00000038   Code   RO         1771    i.OS_CPU_SysTickHandler  os_cpu_c.o
    0x08001e24   0x08001e24   0x00000030   Code   RO         1772    i.OS_CPU_SysTickInit  os_cpu_c.o
    0x08001e54   0x08001e54   0x000001a8   Code   RO         2086    i.OS_Dbg_Init       os_dbg.o
    0x08001ffc   0x08001ffc   0x00000018   Code   RO         2111    i.OS_FlagInit       os_flag.o
    0x08002014   0x08002014   0x00000044   Code   RO         1874    i.OS_IdleTask       os_core.o
    0x08002058   0x08002058   0x00000070   Code   RO         1875    i.OS_IdleTaskInit   os_core.o
    0x080020c8   0x080020c8   0x00000018   Code   RO         2195    i.OS_MemInit        os_mem.o
    0x080020e0   0x080020e0   0x0000007c   Code   RO         2227    i.OS_MsgPoolInit    os_msg.o
    0x0800215c   0x0800215c   0x00000044   Code   RO         2228    i.OS_MsgQFreeAll    os_msg.o
    0x080021a0   0x080021a0   0x0000000e   Code   RO         2230    i.OS_MsgQInit       os_msg.o
    0x080021ae   0x080021ae   0x00000002   PAD
    0x080021b0   0x080021b0   0x00000030   Code   RO         2269    i.OS_MutexDbgListAdd  os_mutex.o
    0x080021e0   0x080021e0   0x00000018   Code   RO         2271    i.OS_MutexInit      os_mutex.o
    0x080021f8   0x080021f8   0x00000068   Code   RO         1876    i.OS_Pend           os_core.o
    0x08002260   0x08002260   0x00000026   Code   RO         1879    i.OS_PendDataInit   os_core.o
    0x08002286   0x08002286   0x00000002   PAD
    0x08002288   0x08002288   0x0000005c   Code   RO         1880    i.OS_PendDbgNameAdd  os_core.o
    0x080022e4   0x080022e4   0x00000024   Code   RO         1881    i.OS_PendDbgNameRemove  os_core.o
    0x08002308   0x08002308   0x00000046   Code   RO         1882    i.OS_PendListChangePrio  os_core.o
    0x0800234e   0x0800234e   0x0000000a   Code   RO         1883    i.OS_PendListInit   os_core.o
    0x08002358   0x08002358   0x00000066   Code   RO         1885    i.OS_PendListInsertPrio  os_core.o
    0x080023be   0x080023be   0x00000030   Code   RO         1886    i.OS_PendListRemove  os_core.o
    0x080023ee   0x080023ee   0x00000042   Code   RO         1887    i.OS_PendListRemove1  os_core.o
    0x08002430   0x08002430   0x000000d6   Code   RO         1890    i.OS_Post           os_core.o
    0x08002506   0x08002506   0x0000002a   Code   RO         1891    i.OS_Post1          os_core.o
    0x08002530   0x08002530   0x00000028   Code   RO         2329    i.OS_PrioGetHighest  os_prio.o
    0x08002558   0x08002558   0x00000018   Code   RO         2330    i.OS_PrioInit       os_prio.o
    0x08002570   0x08002570   0x00000024   Code   RO         2331    i.OS_PrioInsert     os_prio.o
    0x08002594   0x08002594   0x00000024   Code   RO         2332    i.OS_PrioRemove     os_prio.o
    0x080025b8   0x080025b8   0x00000018   Code   RO         2375    i.OS_QInit          os_q.o
    0x080025d0   0x080025d0   0x00000024   Code   RO         1892    i.OS_RdyListInit    os_core.o
    0x080025f4   0x080025f4   0x0000002c   Code   RO         1893    i.OS_RdyListInsert  os_core.o
    0x08002620   0x08002620   0x00000040   Code   RO         1894    i.OS_RdyListInsertHead  os_core.o
    0x08002660   0x08002660   0x0000003c   Code   RO         1895    i.OS_RdyListInsertTail  os_core.o
    0x0800269c   0x0800269c   0x0000005c   Code   RO         1897    i.OS_RdyListRemove  os_core.o
    0x080026f8   0x080026f8   0x0000001c   Code   RO         1898    i.OS_SchedLockTimeMeasStart  os_core.o
    0x08002714   0x08002714   0x0000003c   Code   RO         1899    i.OS_SchedLockTimeMeasStop  os_core.o
    0x08002750   0x08002750   0x00000018   Code   RO         2447    i.OS_SemInit        os_sem.o
    0x08002768   0x08002768   0x000002e8   Code   RO         2512    i.OS_StatTask       os_stat.o
    0x08002a50   0x08002a50   0x000000cc   Code   RO         2513    i.OS_StatTaskInit   os_stat.o
    0x08002b1c   0x08002b1c   0x0000002c   Code   RO         1900    i.OS_TaskBlock      os_core.o
    0x08002b48   0x08002b48   0x00000030   Code   RO         2557    i.OS_TaskDbgListAdd  os_task.o
    0x08002b78   0x08002b78   0x00000044   Code   RO         2558    i.OS_TaskDbgListRemove  os_task.o
    0x08002bbc   0x08002bbc   0x00000020   Code   RO         2559    i.OS_TaskInit       os_task.o
    0x08002bdc   0x08002bdc   0x000000b4   Code   RO         2560    i.OS_TaskInitTCB    os_task.o
    0x08002c90   0x08002c90   0x00000100   Code   RO         2562    i.OS_TaskResume     os_task.o
    0x08002d90   0x08002d90   0x00000018   Code   RO         2563    i.OS_TaskReturn     os_task.o
    0x08002da8   0x08002da8   0x000001c4   Code   RO         2564    i.OS_TaskSemPost    os_task.o
    0x08002f6c   0x08002f6c   0x00000118   Code   RO         2565    i.OS_TaskSuspend    os_task.o
    0x08003084   0x08003084   0x00000086   Code   RO         2702    i.OS_TickListInsert  os_tick.o
    0x0800310a   0x0800310a   0x00000002   PAD
    0x0800310c   0x0800310c   0x000000bc   Code   RO         2703    i.OS_TickListInsertDly  os_tick.o
    0x080031c8   0x080031c8   0x00000058   Code   RO         2704    i.OS_TickListRemove  os_tick.o
    0x08003220   0x08003220   0x00000002   Code   RO         2705    i.OS_TickListResetPeak  os_tick.o
    0x08003222   0x08003222   0x00000002   PAD
    0x08003224   0x08003224   0x00000098   Code   RO         2706    i.OS_TickListUpdateDly  os_tick.o
    0x080032bc   0x080032bc   0x000000d4   Code   RO         2707    i.OS_TickListUpdateTimeout  os_tick.o
    0x08003390   0x08003390   0x00000070   Code   RO         2708    i.OS_TickTask       os_tick.o
    0x08003400   0x08003400   0x000000c8   Code   RO         2709    i.OS_TickTaskInit   os_tick.o
    0x080034c8   0x080034c8   0x00000134   Code   RO         2805    i.OS_TmrInit        os_tmr.o
    0x080035fc   0x080035fc   0x00000018   Code   RO         2806    i.OS_TmrLock        os_tmr.o
    0x08003614   0x08003614   0x00000002   Code   RO         2807    i.OS_TmrResetPeak   os_tmr.o
    0x08003616   0x08003616   0x00000002   PAD
    0x08003618   0x08003618   0x00000094   Code   RO         2808    i.OS_TmrTask        os_tmr.o
    0x080036ac   0x080036ac   0x00000044   Code   RO         2809    i.OS_TmrUnlink      os_tmr.o
    0x080036f0   0x080036f0   0x00000014   Code   RO         2810    i.OS_TmrUnlock      os_tmr.o
    0x08003704   0x08003704   0x00000020   Code   RO          540    i.RCC_AHB1PeriphClockCmd  stm32f4xx_rcc.o
    0x08003724   0x08003724   0x000000e8   Code   RO          561    i.RCC_GetClocksFreq  stm32f4xx_rcc.o
    0x0800380c   0x0800380c   0x00000002   Code   RO          239    i.SVC_Handler       stm32f4xx_it.o
    0x0800380e   0x0800380e   0x00000002   PAD
    0x08003810   0x08003810   0x000000ec   Code   RO          938    i.SetSysClock       system_stm32f4xx.o
    0x080038fc   0x080038fc   0x00000068   Code   RO          940    i.SystemInit        system_stm32f4xx.o
    0x08003964   0x08003964   0x00000004   Code   RO          241    i.UsageFault_Handler  stm32f4xx_it.o
    0x08003968   0x08003968   0x00000028   Code   RO            4    i.led1_task         main.o
    0x08003990   0x08003990   0x0000002c   Code   RO            5    i.led2_task         main.o
    0x080039bc   0x080039bc   0x0000005c   Code   RO            6    i.main              main.o
    0x08003a18   0x08003a18   0x000000ec   Code   RO            7    i.start_task        main.o
    0x08003b04   0x08003b04   0x0000000a   Code   RO         3019    x$fpl$fpinit        fz_wm.l(fpinit.o)
    0x08003b0e   0x08003b0e   0x00000002   PAD
    0x08003b10   0x08003b10   0x00000094   Data   RO         1845    .constdata          os_cfg_app.o
    0x08003ba4   0x08003ba4   0x00000168   Data   RO         2087    .constdata          os_dbg.o
    0x08003d0c   0x08003d0c   0x00000020   Data   RO         3075    Region$$Table       anon$$obj.o


    Execution Region RW_IRAM1 (Exec base: 0x20000000, Load base: 0x08003d2c, Size: 0x00003020, Max: 0x00020000, ABSOLUTE)

    Exec Addr    Load Addr    Size         Type   Attr      Idx    E Section Name        Object

    0x20000000   0x08003d2c   0x00000010   Data   RW          593    .data               stm32f4xx_rcc.o
    0x20000010   0x08003d3c   0x00000004   Data   RW         1196    .data               cpu_core.o
    0x20000014   0x08003d40   0x00000004   Data   RW         1511    .data               lib_mem.o
    0x20000018   0x08003d44   0x00000004   Data   RW         1773    .data               os_cpu_c.o
    0x2000001c   0x08003d48   0x00000008   Data   RW         2333    .data               os_prio.o
    0x20000024   0x08003d50   0x000000c4   Data   RW         2891    .data               os_var.o
    0x200000e8        -       0x00000e28   Zero   RW            8    .bss                main.o
    0x20000f10        -       0x00000010   Zero   RW         1194    .bss                cpu_core.o
    0x20000f20        -       0x00000448   Zero   RW         1510    .bss                lib_mem.o
    0x20001368        -       0x00001040   Zero   RW         1844    .bss                os_cfg_app.o
    0x200023a8        -       0x00000618   Zero   RW         2890    .bss                os_var.o
    0x200029c0        -       0x00000060   Zero   RW         2949    .bss                c_w.l(libspace.o)
    0x20002a20        -       0x00000200   Zero   RW          407    HEAP                startup_stm32f40_41xxx.o
    0x20002c20        -       0x00000400   Zero   RW          406    STACK               startup_stm32f40_41xxx.o


==============================================================================

Image component sizes


      Code (inc. data)   RO Data    RW Data    ZI Data      Debug   Object Name

        78         14          0          0          0      21207   bsp.o
        52          0          0          0          0        312   cpu_a.o
       100         18          0          4         16       4309   cpu_core.o
        64          4          0          0          0        499   led.o
       174         18          0          4       1096      13351   lib_mem.o
       412         94          0          0       3624      34612   main.o
         0          0          0          0          0      26979   os_app_hooks_1.o
         2          0        148          0       4160      19043   os_cfg_app.o
      2534        352          0          0          0      35159   os_core.o
       196         32          0          0          0        316   os_cpu_a.o
      1168        168          0          4          0       7081   os_cpu_c.o
       424        278        360          0          0       4641   os_dbg.o
        24         10          0          0          0        802   os_flag.o
        24         10          0          0          0        805   os_mem.o
       206         20          0          0          0       2228   os_msg.o
      1172         78          0          0          0       4380   os_mutex.o
       136         16          0          8          0       2706   os_prio.o
        24         10          0          0          0        799   os_q.o
        24         10          0          0          0        797   os_sem.o
      1484        190          0          0          0       3795   os_stat.o
      2958        168          0          0          0      12393   os_task.o
      1088         92          0          0          0       6042   os_tick.o
       652         46          0          0          0       2865   os_time.o
       570        142          0          0          0       3831   os_tmr.o
         0          0          0        196       1560      17736   os_var.o
        64         26        392          0       1536        852   startup_stm32f40_41xxx.o
       156          0          0          0          0     236141   stm32f4xx_gpio.o
        22          0          0          0          0      25423   stm32f4xx_it.o
       264         24          0         16          0       3577   stm32f4xx_rcc.o
       340         32          0          0          0       1521   system_stm32f4xx.o

    ----------------------------------------------------------------------
     14432       1852        932        232      11992     494202   Object Totals
         0          0         32          0          0          0   (incl. Generated)
        20          0          0          0          0          0   (incl. Padding)

    ----------------------------------------------------------------------

      Code (inc. data)   RO Data    RW Data    ZI Data      Debug   Library Member Name

         8          0          0          0          0         68   __main.o
         0          0          0          0          0          0   __rtentry.o
        12          0          0          0          0          0   __rtentry2.o
         6          0          0          0          0          0   __rtentry4.o
        52          8          0          0          0          0   __scatter.o
        26          0          0          0          0          0   __scatter_copy.o
        28          0          0          0          0          0   __scatter_zi.o
        18          0          0          0          0         80   exit.o
         6          0          0          0          0        152   heapauxi.o
         0          0          0          0          0          0   indicate_semi.o
         2          0          0          0          0          0   libinit.o
         6          0          0          0          0          0   libinit2.o
         2          0          0          0          0          0   libshutdown.o
         2          0          0          0          0          0   libshutdown2.o
         8          4          0          0         96         68   libspace.o
         2          0          0          0          0          0   rtexit.o
        10          0          0          0          0          0   rtexit2.o
        12          4          0          0          0         68   sys_exit.o
        74          0          0          0          0         80   sys_stackheap_outer.o
         2          0          0          0          0         68   use_no_semi.o
        10          0          0          0          0        116   fpinit.o

    ----------------------------------------------------------------------
       296         16          0          0         96        700   Library Totals
        10          0          0          0          0          0   (incl. Padding)

    ----------------------------------------------------------------------

      Code (inc. data)   RO Data    RW Data    ZI Data      Debug   Library Name

       276         16          0          0         96        584   c_w.l
        10          0          0          0          0        116   fz_wm.l

    ----------------------------------------------------------------------
       296         16          0          0         96        700   Library Totals

    ----------------------------------------------------------------------

==============================================================================


      Code (inc. data)   RO Data    RW Data    ZI Data      Debug   

     14728       1868        932        232      12088     483046   Grand Totals
     14728       1868        932        232      12088     483046   ELF Image Totals
     14728       1868        932        232          0          0   ROM Totals

==============================================================================

    Total RO  Size (Code + RO Data)                15660 (  15.29kB)
    Total RW  Size (RW Data + ZI Data)             12320 (  12.03kB)
    Total ROM Size (Code + RO Data + RW Data)      15892 (  15.52kB)

==============================================================================

